Archive member included to satisfy reference by file (symbol)

C:/ST/STM32CubeIDE_1.14.0/STM32CubeIDE/plugins/com.st.stm32cube.ide.mcu.externaltools.gnu-tools-for-stm32.11.3.rel1.win32_1.1.100.202309141235/tools/bin/../lib/gcc/arm-none-eabi/11.3.1/../../../../arm-none-eabi/lib/thumb/v7e-m+fp/hard\libc_nano.a(libc_a-exit.o)
                              C:/ST/STM32CubeIDE_1.14.0/STM32CubeIDE/plugins/com.st.stm32cube.ide.mcu.externaltools.gnu-tools-for-stm32.11.3.rel1.win32_1.1.100.202309141235/tools/bin/../lib/gcc/arm-none-eabi/11.3.1/../../../../arm-none-eabi/lib/thumb/v7e-m+fp/hard/crt0.o (exit)
C:/ST/STM32CubeIDE_1.14.0/STM32CubeIDE/plugins/com.st.stm32cube.ide.mcu.externaltools.gnu-tools-for-stm32.11.3.rel1.win32_1.1.100.202309141235/tools/bin/../lib/gcc/arm-none-eabi/11.3.1/../../../../arm-none-eabi/lib/thumb/v7e-m+fp/hard\libc_nano.a(libc_a-findfp.o)
                              C:/ST/STM32CubeIDE_1.14.0/STM32CubeIDE/plugins/com.st.stm32cube.ide.mcu.externaltools.gnu-tools-for-stm32.11.3.rel1.win32_1.1.100.202309141235/tools/bin/../lib/gcc/arm-none-eabi/11.3.1/../../../../arm-none-eabi/lib/thumb/v7e-m+fp/hard\libc_nano.a(libc_a-exit.o) (__stdio_exit_handler)
C:/ST/STM32CubeIDE_1.14.0/STM32CubeIDE/plugins/com.st.stm32cube.ide.mcu.externaltools.gnu-tools-for-stm32.11.3.rel1.win32_1.1.100.202309141235/tools/bin/../lib/gcc/arm-none-eabi/11.3.1/../../../../arm-none-eabi/lib/thumb/v7e-m+fp/hard\libc_nano.a(libc_a-fwalk.o)
                              C:/ST/STM32CubeIDE_1.14.0/STM32CubeIDE/plugins/com.st.stm32cube.ide.mcu.externaltools.gnu-tools-for-stm32.11.3.rel1.win32_1.1.100.202309141235/tools/bin/../lib/gcc/arm-none-eabi/11.3.1/../../../../arm-none-eabi/lib/thumb/v7e-m+fp/hard\libc_nano.a(libc_a-findfp.o) (_fwalk_sglue)
C:/ST/STM32CubeIDE_1.14.0/STM32CubeIDE/plugins/com.st.stm32cube.ide.mcu.externaltools.gnu-tools-for-stm32.11.3.rel1.win32_1.1.100.202309141235/tools/bin/../lib/gcc/arm-none-eabi/11.3.1/../../../../arm-none-eabi/lib/thumb/v7e-m+fp/hard\libc_nano.a(libc_a-stdio.o)
                              C:/ST/STM32CubeIDE_1.14.0/STM32CubeIDE/plugins/com.st.stm32cube.ide.mcu.externaltools.gnu-tools-for-stm32.11.3.rel1.win32_1.1.100.202309141235/tools/bin/../lib/gcc/arm-none-eabi/11.3.1/../../../../arm-none-eabi/lib/thumb/v7e-m+fp/hard\libc_nano.a(libc_a-findfp.o) (__sread)
C:/ST/STM32CubeIDE_1.14.0/STM32CubeIDE/plugins/com.st.stm32cube.ide.mcu.externaltools.gnu-tools-for-stm32.11.3.rel1.win32_1.1.100.202309141235/tools/bin/../lib/gcc/arm-none-eabi/11.3.1/../../../../arm-none-eabi/lib/thumb/v7e-m+fp/hard\libc_nano.a(libc_a-vsnprintf.o)
                              ./src/hw/driver/uart.o (vsnprintf)
C:/ST/STM32CubeIDE_1.14.0/STM32CubeIDE/plugins/com.st.stm32cube.ide.mcu.externaltools.gnu-tools-for-stm32.11.3.rel1.win32_1.1.100.202309141235/tools/bin/../lib/gcc/arm-none-eabi/11.3.1/../../../../arm-none-eabi/lib/thumb/v7e-m+fp/hard\libc_nano.a(libc_a-memset.o)
                              C:/ST/STM32CubeIDE_1.14.0/STM32CubeIDE/plugins/com.st.stm32cube.ide.mcu.externaltools.gnu-tools-for-stm32.11.3.rel1.win32_1.1.100.202309141235/tools/bin/../lib/gcc/arm-none-eabi/11.3.1/../../../../arm-none-eabi/lib/thumb/v7e-m+fp/hard/crt0.o (memset)
C:/ST/STM32CubeIDE_1.14.0/STM32CubeIDE/plugins/com.st.stm32cube.ide.mcu.externaltools.gnu-tools-for-stm32.11.3.rel1.win32_1.1.100.202309141235/tools/bin/../lib/gcc/arm-none-eabi/11.3.1/../../../../arm-none-eabi/lib/thumb/v7e-m+fp/hard\libc_nano.a(libc_a-closer.o)
                              C:/ST/STM32CubeIDE_1.14.0/STM32CubeIDE/plugins/com.st.stm32cube.ide.mcu.externaltools.gnu-tools-for-stm32.11.3.rel1.win32_1.1.100.202309141235/tools/bin/../lib/gcc/arm-none-eabi/11.3.1/../../../../arm-none-eabi/lib/thumb/v7e-m+fp/hard\libc_nano.a(libc_a-stdio.o) (_close_r)
C:/ST/STM32CubeIDE_1.14.0/STM32CubeIDE/plugins/com.st.stm32cube.ide.mcu.externaltools.gnu-tools-for-stm32.11.3.rel1.win32_1.1.100.202309141235/tools/bin/../lib/gcc/arm-none-eabi/11.3.1/../../../../arm-none-eabi/lib/thumb/v7e-m+fp/hard\libc_nano.a(libc_a-reent.o)
                              C:/ST/STM32CubeIDE_1.14.0/STM32CubeIDE/plugins/com.st.stm32cube.ide.mcu.externaltools.gnu-tools-for-stm32.11.3.rel1.win32_1.1.100.202309141235/tools/bin/../lib/gcc/arm-none-eabi/11.3.1/../../../../arm-none-eabi/lib/thumb/v7e-m+fp/hard\libc_nano.a(libc_a-closer.o) (errno)
C:/ST/STM32CubeIDE_1.14.0/STM32CubeIDE/plugins/com.st.stm32cube.ide.mcu.externaltools.gnu-tools-for-stm32.11.3.rel1.win32_1.1.100.202309141235/tools/bin/../lib/gcc/arm-none-eabi/11.3.1/../../../../arm-none-eabi/lib/thumb/v7e-m+fp/hard\libc_nano.a(libc_a-impure.o)
                              C:/ST/STM32CubeIDE_1.14.0/STM32CubeIDE/plugins/com.st.stm32cube.ide.mcu.externaltools.gnu-tools-for-stm32.11.3.rel1.win32_1.1.100.202309141235/tools/bin/../lib/gcc/arm-none-eabi/11.3.1/../../../../arm-none-eabi/lib/thumb/v7e-m+fp/hard\libc_nano.a(libc_a-vsnprintf.o) (_impure_ptr)
[...]
Memory Configuration

Name             Origin             Length             Attributes
CCMSRAM          0x0000000010000000 0x0000000000008000 xrw
RAM              0x0000000020000000 0x0000000000020000 xrw
FLASH            0x0000000008000000 0x0000000000007800 xr
*default*        0x0000000000000000 0xffffffffffffffff

Linker script and memory map

LOAD C:/ST/STM32CubeIDE_1.14.0/STM32CubeIDE/plugins/com.st.stm32cube.ide.mcu.externaltools.gnu-tools-for-stm32.11.3.rel1.win32_1.1.100.202309141235/tools/bin/../lib/gcc/arm-none-eabi/11.3.1/thumb/v7e-m+fp/hard/crti.o
LOAD C:/ST/STM32CubeIDE_1.14.0/STM32CubeIDE/plugins/com.st.stm32cube.ide.mcu.externaltools.gnu-tools-for-stm32.11.3.rel1.win32_1.1.100.202309141235/tools/bin/../lib/gcc/arm-none-eabi/11.3.1/thumb/v7e-m+fp/hard/crtbegin.o
LOAD C:/ST/STM32CubeIDE_1.14.0/STM32CubeIDE/plugins/com.st.stm32cube.ide.mcu.externaltools.gnu-tools-for-stm32.11.3.rel1.win32_1.1.100.202309141235/tools/bin/../lib/gcc/arm-none-eabi/11.3.1/../../../../arm-none-eabi/lib/thumb/v7e-m+fp/hard/crt0.o
LOAD ./src/ap/ap.o
LOAD ./src/bsp/bsp.o
LOAD ./src/bsp/stm32g4xx_hal_msp.o
LOAD ./src/bsp/stm32g4xx_it.o
LOAD ./src/bsp/syscalls.o
LOAD ./src/bsp/sysmem.o
LOAD ./src/bsp/system_stm32g4xx.o
LOAD ./src/bsp/startup/startup_stm32g474retx.o
LOAD ./src/common/core/qbuffer.o
LOAD ./src/hw/driver/button.o
LOAD ./src/hw/driver/cdc.o
LOAD ./src/hw/driver/cli.o
LOAD ./src/hw/driver/flash.o
LOAD ./src/hw/driver/led.o
LOAD ./src/hw/driver/log.o
LOAD ./src/hw/driver/reset.o
LOAD ./src/hw/driver/rtc.o
LOAD ./src/hw/driver/swtimer.o
LOAD ./src/hw/driver/uart.o
LOAD ./src/hw/driver/usb.o
LOAD ./src/hw/hw.o
LOAD ./src/lib/cube_g474/Drivers/STM32G4xx_HAL_Driver/Src/stm32g4xx_hal.o
LOAD ./src/lib/cube_g474/Drivers/STM32G4xx_HAL_Driver/Src/stm32g4xx_hal_cortex.o
LOAD ./src/lib/cube_g474/Drivers/STM32G4xx_HAL_Driver/Src/stm32g4xx_hal_dma.o
LOAD ./src/lib/cube_g474/Drivers/STM32G4xx_HAL_Driver/Src/stm32g4xx_hal_dma_ex.o
LOAD ./src/lib/cube_g474/Drivers/STM32G4xx_HAL_Driver/Src/stm32g4xx_hal_exti.o
LOAD ./src/lib/cube_g474/Drivers/STM32G4xx_HAL_Driver/Src/stm32g4xx_hal_flash.o
LOAD ./src/lib/cube_g474/Drivers/STM32G4xx_HAL_Driver/Src/stm32g4xx_hal_flash_ex.o
LOAD ./src/lib/cube_g474/Drivers/STM32G4xx_HAL_Driver/Src/stm32g4xx_hal_flash_ramfunc.o
LOAD ./src/lib/cube_g474/Drivers/STM32G4xx_HAL_Driver/Src/stm32g4xx_hal_gpio.o
LOAD ./src/lib/cube_g474/Drivers/STM32G4xx_HAL_Driver/Src/stm32g4xx_hal_pcd.o
LOAD ./src/lib/cube_g474/Drivers/STM32G4xx_HAL_Driver/Src/stm32g4xx_hal_pcd_ex.o
LOAD ./src/lib/cube_g474/Drivers/STM32G4xx_HAL_Driver/Src/stm32g4xx_hal_pwr.o
LOAD ./src/lib/cube_g474/Drivers/STM32G4xx_HAL_Driver/Src/stm32g4xx_hal_pwr_ex.o
LOAD ./src/lib/cube_g474/Drivers/STM32G4xx_HAL_Driver/Src/stm32g4xx_hal_rcc.o
LOAD ./src/lib/cube_g474/Drivers/STM32G4xx_HAL_Driver/Src/stm32g4xx_hal_rcc_ex.o
LOAD ./src/lib/cube_g474/Drivers/STM32G4xx_HAL_Driver/Src/stm32g4xx_hal_rtc.o
LOAD ./src/lib/cube_g474/Drivers/STM32G4xx_HAL_Driver/Src/stm32g4xx_hal_rtc_ex.o
LOAD ./src/lib/cube_g474/Drivers/STM32G4xx_HAL_Driver/Src/stm32g4xx_hal_tim.o
LOAD ./src/lib/cube_g474/Drivers/STM32G4xx_HAL_Driver/Src/stm32g4xx_hal_tim_ex.o
LOAD ./src/lib/cube_g474/Drivers/STM32G4xx_HAL_Driver/Src/stm32g4xx_hal_uart.o
LOAD ./src/lib/cube_g474/Drivers/STM32G4xx_HAL_Driver/Src/stm32g4xx_hal_uart_ex.o
LOAD ./src/lib/cube_g474/Drivers/STM32G4xx_HAL_Driver/Src/stm32g4xx_ll_usb.o
LOAD ./src/lib/cube_g474/Middlewares/ST/STM32_USB_Device_Library/Class/DFU/Src/usbd_dfu.o
LOAD ./src/lib/cube_g474/Middlewares/ST/STM32_USB_Device_Library/Core/Src/usbd_core.o
LOAD ./src/lib/cube_g474/Middlewares/ST/STM32_USB_Device_Library/Core/Src/usbd_ctlreq.o
LOAD ./src/lib/cube_g474/Middlewares/ST/STM32_USB_Device_Library/Core/Src/usbd_ioreq.o
LOAD ./src/lib/cube_g474/USB_Device/App/usb_device.o
LOAD ./src/lib/cube_g474/USB_Device/App/usbd_desc.o
LOAD ./src/lib/cube_g474/USB_Device/App/usbd_dfu_flash.o
LOAD ./src/lib/cube_g474/USB_Device/Target/usbd_conf.o
LOAD ./src/main.o
START GROUP
LOAD C:/ST/STM32CubeIDE_1.14.0/STM32CubeIDE/plugins/com.st.stm32cube.ide.mcu.externaltools.gnu-tools-for-stm32.11.3.rel1.win32_1.1.100.202309141235/tools/bin/../lib/gcc/arm-none-eabi/11.3.1/../../../../arm-none-eabi/lib/thumb/v7e-m+fp/hard\libc_nano.a
LOAD C:/ST/STM32CubeIDE_1.14.0/STM32CubeIDE/plugins/com.st.stm32cube.ide.mcu.externaltools.gnu-tools-for-stm32.11.3.rel1.win32_1.1.100.202309141235/tools/bin/../lib/gcc/arm-none-eabi/11.3.1/../../../../arm-none-eabi/lib/thumb/v7e-m+fp/hard\libm.a
END GROUP
START GROUP
LOAD C:/ST/STM32CubeIDE_1.14.0/STM32CubeIDE/plugins/com.st.stm32cube.ide.mcu.externaltools.gnu-tools-for-stm32.11.3.rel1.win32_1.1.100.202309141235/tools/bin/../lib/gcc/arm-none-eabi/11.3.1/thumb/v7e-m+fp/hard\libgcc.a
LOAD C:/ST/STM32CubeIDE_1.14.0/STM32CubeIDE/plugins/com.st.stm32cube.ide.mcu.externaltools.gnu-tools-for-stm32.11.3.rel1.win32_1.1.100.202309141235/tools/bin/../lib/gcc/arm-none-eabi/11.3.1/../../../../arm-none-eabi/lib/thumb/v7e-m+fp/hard\libc_nano.a
END GROUP
START GROUP
LOAD C:/ST/STM32CubeIDE_1.14.0/STM32CubeIDE/plugins/com.st.stm32cube.ide.mcu.externaltools.gnu-tools-for-stm32.11.3.rel1.win32_1.1.100.202309141235/tools/bin/../lib/gcc/arm-none-eabi/11.3.1/thumb/v7e-m+fp/hard\libgcc.a
LOAD C:/ST/STM32CubeIDE_1.14.0/STM32CubeIDE/plugins/com.st.stm32cube.ide.mcu.externaltools.gnu-tools-for-stm32.11.3.rel1.win32_1.1.100.202309141235/tools/bin/../lib/gcc/arm-none-eabi/11.3.1/../../../../arm-none-eabi/lib/thumb/v7e-m+fp/hard\libc_nano.a
LOAD C:/ST/STM32CubeIDE_1.14.0/STM32CubeIDE/plugins/com.st.stm32cube.ide.mcu.externaltools.gnu-tools-for-stm32.11.3.rel1.win32_1.1.100.202309141235/tools/bin/../lib/gcc/arm-none-eabi/11.3.1/../../../../arm-none-eabi/lib/thumb/v7e-m+fp/hard\libnosys.a
END GROUP
START GROUP
LOAD C:/ST/STM32CubeIDE_1.14.0/STM32CubeIDE/plugins/com.st.stm32cube.ide.mcu.externaltools.gnu-tools-for-stm32.11.3.rel1.win32_1.1.100.202309141235/tools/bin/../lib/gcc/arm-none-eabi/11.3.1/thumb/v7e-m+fp/hard\libgcc.a
LOAD C:/ST/STM32CubeIDE_1.14.0/STM32CubeIDE/plugins/com.st.stm32cube.ide.mcu.externaltools.gnu-tools-for-stm32.11.3.rel1.win32_1.1.100.202309141235/tools/bin/../lib/gcc/arm-none-eabi/11.3.1/../../../../arm-none-eabi/lib/thumb/v7e-m+fp/hard\libc_nano.a
LOAD C:/ST/STM32CubeIDE_1.14.0/STM32CubeIDE/plugins/com.st.stm32cube.ide.mcu.externaltools.gnu-tools-for-stm32.11.3.rel1.win32_1.1.100.202309141235/tools/bin/../lib/gcc/arm-none-eabi/11.3.1/../../../../arm-none-eabi/lib/thumb/v7e-m+fp/hard\libnosys.a
END GROUP
LOAD C:/ST/STM32CubeIDE_1.14.0/STM32CubeIDE/plugins/com.st.stm32cube.ide.mcu.externaltools.gnu-tools-for-stm32.11.3.rel1.win32_1.1.100.202309141235/tools/bin/../lib/gcc/arm-none-eabi/11.3.1/thumb/v7e-m+fp/hard/crtend.o
LOAD C:/ST/STM32CubeIDE_1.14.0/STM32CubeIDE/plugins/com.st.stm32cube.ide.mcu.externaltools.gnu-tools-for-stm32.11.3.rel1.win32_1.1.100.202309141235/tools/bin/../lib/gcc/arm-none-eabi/11.3.1/thumb/v7e-m+fp/hard/crtn.o
                0x0000000020020000                _estack = (ORIGIN (RAM) + LENGTH (RAM))
                0x0000000000000200                _Min_Heap_Size = 0x200
                0x0000000000000400                _Min_Stack_Size = 0x400

.isr_vector     0x0000000008000000      0x1d8
                0x0000000008000000                . = ALIGN (0x4)
 *(.isr_vector)
 .isr_vector    0x0000000008000000      0x1d8 ./src/bsp/startup/startup_stm32g474retx.o
                0x0000000008000000                g_pfnVectors
                0x00000000080001d8                . = ALIGN (0x4)

.text           0x00000000080001d8     0x4640
                0x00000000080001d8                . = ALIGN (0x4)
 *(.text)
 .text          0x00000000080001d8       0x40 C:/ST/STM32CubeIDE_1.14.0/STM32CubeIDE/plugins/com.st.stm32cube.ide.mcu.externaltools.gnu-tools-for-stm32.11.3.rel1.win32_1.1.100.202309141235/tools/bin/../lib/gcc/arm-none-eabi/11.3.1/thumb/v7e-m+fp/hard/crtbegin.o
 .text          0x0000000008000218       0x30 C:/ST/STM32CubeIDE_1.14.0/STM32CubeIDE/plugins/com.st.stm32cube.ide.mcu.externaltools.gnu-tools-for-stm32.11.3.rel1.win32_1.1.100.202309141235/tools/bin/../lib/gcc/arm-none-eabi/11.3.1/thumb/v7e-m+fp/hard\libgcc.a(_aeabi_uldivmod.o)
                0x0000000008000218                __aeabi_uldivmod
 .text          0x0000000008000248      0x2c8 C:/ST/STM32CubeIDE_1.14.0/STM32CubeIDE/plugins/com.st.stm32cube.ide.mcu.externaltools.gnu-tools-for-stm32.11.3.rel1.win32_1.1.100.202309141235/tools/bin/../lib/gcc/arm-none-eabi/11.3.1/thumb/v7e-m+fp/hard\libgcc.a(_udivmoddi4.o)
                0x0000000008000248                __udivmoddi4
 .text          0x0000000008000510        0x4 C:/ST/STM32CubeIDE_1.14.0/STM32CubeIDE/plugins/com.st.stm32cube.ide.mcu.externaltools.gnu-tools-for-stm32.11.3.rel1.win32_1.1.100.202309141235/tools/bin/../lib/gcc/arm-none-eabi/11.3.1/thumb/v7e-m+fp/hard\libgcc.a(_dvmd_tls.o)
                0x0000000008000510                __aeabi_idiv0
                0x0000000008000510                __aeabi_ldiv0
 *(.text*)
 .text.apInit   0x0000000008000514       0x2c ./src/ap/ap.o
                0x0000000008000514                apInit
 .text.apMain   0x0000000008000540       0x20 ./src/ap/ap.o
                0x0000000008000540                apMain
 .text.delay    0x0000000008000560        0x4 ./src/bsp/bsp.o
                0x0000000008000560                delay
 .text.millis   0x0000000008000564        0x4 ./src/bsp/bsp.o
                0x0000000008000564                millis
 .text.SystemClock_Config
                0x0000000008000568       0x6c ./src/bsp/bsp.o
                0x0000000008000568                SystemClock_Config
 .text.bspInit  0x00000000080005d4       0x78 ./src/bsp/bsp.o
                0x00000000080005d4                bspInit
 .text.Error_Handler
                0x000000000800064c        0x2 ./src/bsp/bsp.o
                0x000000000800064c                Error_Handler
 *fill*         0x000000000800064e        0x2 
 .text.HAL_MspInit
                0x0000000008000650       0x34 ./src/bsp/stm32g4xx_hal_msp.o
                0x0000000008000650                HAL_MspInit
 .text.NMI_Handler
                0x0000000008000684        0x2 ./src/bsp/stm32g4xx_it.o
                0x0000000008000684                NMI_Handler
 .text.HardFault_Handler
                0x0000000008000686        0x2 ./src/bsp/stm32g4xx_it.o
                0x0000000008000686                HardFault_Handler
 .text.MemManage_Handler
                0x0000000008000688        0x2 ./src/bsp/stm32g4xx_it.o
                0x0000000008000688                MemManage_Handler
 .text.BusFault_Handler
                0x000000000800068a        0x2 ./src/bsp/stm32g4xx_it.o
                0x000000000800068a                BusFault_Handler
 .text.UsageFault_Handler
                0x000000000800068c        0x2 ./src/bsp/stm32g4xx_it.o
                0x000000000800068c                UsageFault_Handler
 .text.SVC_Handler
                0x000000000800068e        0x2 ./src/bsp/stm32g4xx_it.o
                0x000000000800068e                SVC_Handler
 .text.DebugMon_Handler
                0x0000000008000690        0x2 ./src/bsp/stm32g4xx_it.o
                0x0000000008000690                DebugMon_Handler
 .text.PendSV_Handler
                0x0000000008000692        0x2 ./src/bsp/stm32g4xx_it.o
                0x0000000008000692                PendSV_Handler
 .text.SysTick_Handler
                0x0000000008000694        0x4 ./src/bsp/stm32g4xx_it.o
                0x0000000008000694                SysTick_Handler
 .text.USB_LP_IRQHandler
                0x0000000008000698        0xc ./src/bsp/stm32g4xx_it.o
                0x0000000008000698                USB_LP_IRQHandler
 .text.USART1_IRQHandler
                0x00000000080006a4        0xc ./src/bsp/stm32g4xx_it.o
                0x00000000080006a4                USART1_IRQHandler
 .text.SystemInit
                0x00000000080006b0       0x14 ./src/bsp/system_stm32g4xx.o
                0x00000000080006b0                SystemInit
 .text.Reset_Handler
                0x00000000080006c4       0x50 ./src/bsp/startup/startup_stm32g474retx.o
                0x00000000080006c4                Reset_Handler
 .text.Default_Handler
                0x0000000008000714        0x2 ./src/bsp/startup/startup_stm32g474retx.o
                0x0000000008000714                EXTI2_IRQHandler
                0x0000000008000714                TIM8_TRG_COM_IRQHandler
                0x0000000008000714                TIM8_CC_IRQHandler
                0x0000000008000714                DMA2_CH8_IRQHandler
                0x0000000008000714                DMA1_CH4_IRQHandler
                0x0000000008000714                SPI4_IRQHandler
                0x0000000008000714                HRTIM_TIM_FLT_IRQn_IRQHandler
                0x0000000008000714                FDCAN3_IT0_IRQHandler
                0x0000000008000714                TIM1_CC_IRQHandler
                0x0000000008000714                Cordic_IRQHandler
                0x0000000008000714                USB_HP_IRQHandler
                0x0000000008000714                HRTIM_TIMD_IRQn_IRQHandler
                0x0000000008000714                EXTI3_IRQHandler
                0x0000000008000714                I2C3_ER_IRQHandler
                0x0000000008000714                HRTIM_Master_IRQn_IRQHandler
                0x0000000008000714                DMA1_CH8_IRQHandler
                0x0000000008000714                TIM6_DACUNDER_IRQHandler
                0x0000000008000714                EXTI0_IRQHandler
                0x0000000008000714                I2C2_EV_IRQHandler
                0x0000000008000714                DMA2_CH1_IRQHandler
                0x0000000008000714                FDCAN1_IT1_IRQHandler
                0x0000000008000714                TIM1_UP_TIM16_IRQHandler
                0x0000000008000714                DMA2_CH7_IRQHandler
                0x0000000008000714                ADC1_2_IRQHandler
                0x0000000008000714                SPI1_IRQHandler
                0x0000000008000714                DMA1_CH7_IRQHandler
                0x0000000008000714                HRTIM_TIMB_IRQn_IRQHandler
                0x0000000008000714                TIM8_UP_IRQHandler
                0x0000000008000714                USBWakeUP_IRQHandler
                0x0000000008000714                RTC_ALARM_IRQHandler
                0x0000000008000714                DMA1_CH6_IRQHandler
                0x0000000008000714                TIM20_TRG_COM_IRQHandler
                0x0000000008000714                USART3_IRQHandler
                0x0000000008000714                LPUART_IRQHandler
                0x0000000008000714                UART5_IRQHandler
                0x0000000008000714                ADC3_IRQHandler
                0x0000000008000714                TIM4_IRQHandler
                0x0000000008000714                QUADSPI_IRQHandler
                0x0000000008000714                I2C1_EV_IRQHandler
                0x0000000008000714                DMA2_CH5_IRQHandler
                0x0000000008000714                UART4_IRQHandler
                0x0000000008000714                DMA1_CH3_IRQHandler
                0x0000000008000714                TIM3_IRQHandler
                0x0000000008000714                RCC_IRQHandler
                0x0000000008000714                TIM20_UP_IRQHandler
                0x0000000008000714                TIM1_TRG_COM_IRQHandler
                0x0000000008000714                Default_Handler
                0x0000000008000714                FMAC_IRQHandler
                0x0000000008000714                EXTI15_10_IRQHandler
                0x0000000008000714                TIM7_IRQHandler
                0x0000000008000714                FDCAN3_IT1_IRQHandler
                0x0000000008000714                TIM5_IRQHandler
                0x0000000008000714                UCPD1_IRQHandler
                0x0000000008000714                I2C3_EV_IRQHandler
                0x0000000008000714                EXTI9_5_IRQHandler
                0x0000000008000714                DMA1_CH2_IRQHandler
                0x0000000008000714                RTC_WKUP_IRQHandler
                0x0000000008000714                SAI_IRQHandler
                0x0000000008000714                PVD_PVM_IRQHandler
                0x0000000008000714                SPI2_IRQHandler
                0x0000000008000714                DMA1_CH1_IRQHandler
                0x0000000008000714                ADC5_IRQHandler
                0x0000000008000714                CRS_IRQHandler
                0x0000000008000714                EXTI4_IRQHandler
                0x0000000008000714                RNG_IRQHandler
                0x0000000008000714                FDCAN2_IT1_IRQHandler
                0x0000000008000714                HRTIM_TIMF_IRQn_IRQHandler
                0x0000000008000714                ADC4_IRQHandler
                0x0000000008000714                HRTIM_TIMA_IRQn_IRQHandler
                0x0000000008000714                WWDG_IRQHandler
                0x0000000008000714                I2C4_EV_IRQHandler
                0x0000000008000714                FDCAN2_IT0_IRQHandler
                0x0000000008000714                FDCAN1_IT0_IRQHandler
                0x0000000008000714                TIM2_IRQHandler
                0x0000000008000714                COMP7_IRQHandler
                0x0000000008000714                COMP1_2_3_IRQHandler
                0x0000000008000714                EXTI1_IRQHandler
                0x0000000008000714                HRTIM_TIMC_IRQn_IRQHandler
                0x0000000008000714                USART2_IRQHandler
                0x0000000008000714                COMP4_5_6_IRQHandler
                0x0000000008000714                TIM20_BRK_IRQHandler
                0x0000000008000714                I2C2_ER_IRQHandler
                0x0000000008000714                TIM8_BRK_IRQHandler
                0x0000000008000714                FLASH_IRQHandler
                0x0000000008000714                TIM20_CC_IRQHandler
                0x0000000008000714                SPI3_IRQHandler
                0x0000000008000714                DMA2_CH6_IRQHandler
                0x0000000008000714                DMA2_CH3_IRQHandler
                0x0000000008000714                DMA2_CH2_IRQHandler
                0x0000000008000714                I2C1_ER_IRQHandler
                0x0000000008000714                FMC_IRQHandler
                0x0000000008000714                DMA1_CH5_IRQHandler
                0x0000000008000714                DMA2_CH4_IRQHandler
                0x0000000008000714                LPTIM1_IRQHandler
                0x0000000008000714                DMAMUX_OVR_IRQHandler
                0x0000000008000714                I2C4_ER_IRQHandler
                0x0000000008000714                HRTIM_TIME_IRQn_IRQHandler
                0x0000000008000714                RTC_TAMP_CSS_LSE_IRQHandler
                0x0000000008000714                TIM1_BRK_TIM15_IRQHandler
 .text.qbufferCreate
                0x0000000008000716       0x12 ./src/common/core/qbuffer.o
                0x0000000008000716                qbufferCreate
 .text.qbufferWrite
                0x0000000008000728       0x4a ./src/common/core/qbuffer.o
                0x0000000008000728                qbufferWrite
 .text.flashInit
                0x0000000008000772        0x4 ./src/hw/driver/flash.o
                0x0000000008000772                flashInit
 *fill*         0x0000000008000776        0x2 
 .text.ledInit  0x0000000008000778       0x48 ./src/hw/driver/led.o
                0x0000000008000778                ledInit
 .text.ledToggle
                0x00000000080007c0        0xe ./src/hw/driver/led.o
                0x00000000080007c0                ledToggle
 *fill*         0x00000000080007ce        0x2 
 .text.resetInit
                0x00000000080007d0       0x58 ./src/hw/driver/reset.o
                0x00000000080007d0                resetInit
 .text.resetGetCount
                0x0000000008000828        0xc ./src/hw/driver/reset.o
                0x0000000008000828                resetGetCount
 .text.resetToSystemBoot
                0x0000000008000834       0x54 ./src/hw/driver/reset.o
                0x0000000008000834                resetToSystemBoot
 .text.rtcInit  0x0000000008000888       0x38 ./src/hw/driver/rtc.o
                0x0000000008000888                rtcInit
 .text.rtcBackupRegRead
                0x00000000080008c0        0xc ./src/hw/driver/rtc.o
                0x00000000080008c0                rtcBackupRegRead
 .text.rtcBackupRegWrite
                0x00000000080008cc       0x10 ./src/hw/driver/rtc.o
                0x00000000080008cc                rtcBackupRegWrite
 .text.HAL_RTC_MspInit
                0x00000000080008dc       0x5c ./src/hw/driver/rtc.o
                0x00000000080008dc                HAL_RTC_MspInit
 .text.uartInit
                0x0000000008000938        0x4 ./src/hw/driver/uart.o
                0x0000000008000938                uartInit
 .text.uartOpen
                0x000000000800093c       0x88 ./src/hw/driver/uart.o
                0x000000000800093c                uartOpen
 .text.HAL_UART_ErrorCallback
                0x00000000080009c4        0x2 ./src/hw/driver/uart.o
                0x00000000080009c4                HAL_UART_ErrorCallback
 *fill*         0x00000000080009c6        0x2 
 .text.HAL_UART_RxCpltCallback
                0x00000000080009c8       0x34 ./src/hw/driver/uart.o
                0x00000000080009c8                HAL_UART_RxCpltCallback
 .text.HAL_UART_MspInit
                0x00000000080009fc       0x94 ./src/hw/driver/uart.o
                0x00000000080009fc                HAL_UART_MspInit
 .text.hwInit   0x0000000008000a90       0x4a ./src/hw/hw.o
                0x0000000008000a90                hwInit
 *fill*         0x0000000008000ada        0x2 
 .text.HAL_InitTick
                0x0000000008000adc       0x4c ./src/lib/cube_g474/Drivers/STM32G4xx_HAL_Driver/Src/stm32g4xx_hal.o
                0x0000000008000adc                HAL_InitTick
 .text.HAL_Init
                0x0000000008000b28       0x1e ./src/lib/cube_g474/Drivers/STM32G4xx_HAL_Driver/Src/stm32g4xx_hal.o
                0x0000000008000b28                HAL_Init
 *fill*         0x0000000008000b46        0x2 
 .text.HAL_IncTick
                0x0000000008000b48       0x18 ./src/lib/cube_g474/Drivers/STM32G4xx_HAL_Driver/Src/stm32g4xx_hal.o
                0x0000000008000b48                HAL_IncTick
 .text.HAL_GetTick
                0x0000000008000b60        0xc ./src/lib/cube_g474/Drivers/STM32G4xx_HAL_Driver/Src/stm32g4xx_hal.o
                0x0000000008000b60                HAL_GetTick
 .text.HAL_Delay
                0x0000000008000b6c       0x28 ./src/lib/cube_g474/Drivers/STM32G4xx_HAL_Driver/Src/stm32g4xx_hal.o
                0x0000000008000b6c                HAL_Delay
 .text.HAL_NVIC_SetPriorityGrouping
                0x0000000008000b94       0x24 ./src/lib/cube_g474/Drivers/STM32G4xx_HAL_Driver/Src/stm32g4xx_hal_cortex.o
                0x0000000008000b94                HAL_NVIC_SetPriorityGrouping
 .text.HAL_NVIC_SetPriority
                0x0000000008000bb8       0x64 ./src/lib/cube_g474/Drivers/STM32G4xx_HAL_Driver/Src/stm32g4xx_hal_cortex.o
                0x0000000008000bb8                HAL_NVIC_SetPriority
 .text.HAL_NVIC_EnableIRQ
                0x0000000008000c1c       0x1c ./src/lib/cube_g474/Drivers/STM32G4xx_HAL_Driver/Src/stm32g4xx_hal_cortex.o
                0x0000000008000c1c                HAL_NVIC_EnableIRQ
 .text.HAL_SYSTICK_Config
                0x0000000008000c38       0x28 ./src/lib/cube_g474/Drivers/STM32G4xx_HAL_Driver/Src/stm32g4xx_hal_cortex.o
                0x0000000008000c38                HAL_SYSTICK_Config
 .text.HAL_DMA_Abort
                0x0000000008000c60       0x66 ./src/lib/cube_g474/Drivers/STM32G4xx_HAL_Driver/Src/stm32g4xx_hal_dma.o
                0x0000000008000c60                HAL_DMA_Abort
 .text.HAL_DMA_Abort_IT
                0x0000000008000cc6       0x78 ./src/lib/cube_g474/Drivers/STM32G4xx_HAL_Driver/Src/stm32g4xx_hal_dma.o
                0x0000000008000cc6                HAL_DMA_Abort_IT
 *fill*         0x0000000008000d3e        0x2 
 .text.HAL_GPIO_Init
                0x0000000008000d40      0x198 ./src/lib/cube_g474/Drivers/STM32G4xx_HAL_Driver/Src/stm32g4xx_hal_gpio.o
                0x0000000008000d40                HAL_GPIO_Init
 .text.HAL_GPIO_WritePin
                0x0000000008000ed8        0xa ./src/lib/cube_g474/Drivers/STM32G4xx_HAL_Driver/Src/stm32g4xx_hal_gpio.o
                0x0000000008000ed8                HAL_GPIO_WritePin
 .text.HAL_GPIO_TogglePin
                0x0000000008000ee2       0x12 ./src/lib/cube_g474/Drivers/STM32G4xx_HAL_Driver/Src/stm32g4xx_hal_gpio.o
                0x0000000008000ee2                HAL_GPIO_TogglePin
 .text.HAL_PCD_SetAddress
                0x0000000008000ef4       0x26 ./src/lib/cube_g474/Drivers/STM32G4xx_HAL_Driver/Src/stm32g4xx_hal_pcd.o
                0x0000000008000ef4                HAL_PCD_SetAddress
 *fill*         0x0000000008000f1a        0x2 
 .text.HAL_PCD_IRQHandler
                0x0000000008000f1c      0x9d0 ./src/lib/cube_g474/Drivers/STM32G4xx_HAL_Driver/Src/stm32g4xx_hal_pcd.o
                0x0000000008000f1c                HAL_PCD_IRQHandler
 .text.HAL_PCD_EP_Open
                0x00000000080018ec       0x68 ./src/lib/cube_g474/Drivers/STM32G4xx_HAL_Driver/Src/stm32g4xx_hal_pcd.o
                0x00000000080018ec                HAL_PCD_EP_Open
 .text.HAL_PCD_EP_Receive
                0x0000000008001954       0x2c ./src/lib/cube_g474/Drivers/STM32G4xx_HAL_Driver/Src/stm32g4xx_hal_pcd.o
                0x0000000008001954                HAL_PCD_EP_Receive
 .text.HAL_PCD_EP_Transmit
                0x0000000008001980       0x36 ./src/lib/cube_g474/Drivers/STM32G4xx_HAL_Driver/Src/stm32g4xx_hal_pcd.o
                0x0000000008001980                HAL_PCD_EP_Transmit
 .text.HAL_PCD_EP_SetStall
                0x00000000080019b6       0x64 ./src/lib/cube_g474/Drivers/STM32G4xx_HAL_Driver/Src/stm32g4xx_hal_pcd.o
                0x00000000080019b6                HAL_PCD_EP_SetStall
 .text.HAL_PCD_EP_ClrStall
                0x0000000008001a1a       0x6e ./src/lib/cube_g474/Drivers/STM32G4xx_HAL_Driver/Src/stm32g4xx_hal_pcd.o
                0x0000000008001a1a                HAL_PCD_EP_ClrStall
 .text.HAL_PWREx_ControlVoltageScaling
                0x0000000008001a88       0xb4 ./src/lib/cube_g474/Drivers/STM32G4xx_HAL_Driver/Src/stm32g4xx_hal_pwr_ex.o
                0x0000000008001a88                HAL_PWREx_ControlVoltageScaling
 .text.HAL_PWREx_DisableUCPDDeadBattery
                0x0000000008001b3c       0x10 ./src/lib/cube_g474/Drivers/STM32G4xx_HAL_Driver/Src/stm32g4xx_hal_pwr_ex.o
                0x0000000008001b3c                HAL_PWREx_DisableUCPDDeadBattery
 .text.HAL_RCC_DeInit
                0x0000000008001b4c       0xb8 ./src/lib/cube_g474/Drivers/STM32G4xx_HAL_Driver/Src/stm32g4xx_hal_rcc.o
                0x0000000008001b4c                HAL_RCC_DeInit
 .text.HAL_RCC_OscConfig
                0x0000000008001c04      0x418 ./src/lib/cube_g474/Drivers/STM32G4xx_HAL_Driver/Src/stm32g4xx_hal_rcc.o
                0x0000000008001c04                HAL_RCC_OscConfig
 .text.HAL_RCC_GetSysClockFreq
                0x000000000800201c       0x6c ./src/lib/cube_g474/Drivers/STM32G4xx_HAL_Driver/Src/stm32g4xx_hal_rcc.o
                0x000000000800201c                HAL_RCC_GetSysClockFreq
 .text.HAL_RCC_ClockConfig
                0x0000000008002088      0x1e8 ./src/lib/cube_g474/Drivers/STM32G4xx_HAL_Driver/Src/stm32g4xx_hal_rcc.o
                0x0000000008002088                HAL_RCC_ClockConfig
 .text.HAL_RCC_GetPCLK1Freq
                0x0000000008002270       0x24 ./src/lib/cube_g474/Drivers/STM32G4xx_HAL_Driver/Src/stm32g4xx_hal_rcc.o
                0x0000000008002270                HAL_RCC_GetPCLK1Freq
 .text.HAL_RCC_GetPCLK2Freq
                0x0000000008002294       0x24 ./src/lib/cube_g474/Drivers/STM32G4xx_HAL_Driver/Src/stm32g4xx_hal_rcc.o
                0x0000000008002294                HAL_RCC_GetPCLK2Freq
 .text.HAL_RCCEx_PeriphCLKConfig
                0x00000000080022b8      0x2f0 ./src/lib/cube_g474/Drivers/STM32G4xx_HAL_Driver/Src/stm32g4xx_hal_rcc_ex.o
                0x00000000080022b8                HAL_RCCEx_PeriphCLKConfig
 .text.HAL_RTC_WaitForSynchro
                0x00000000080025a8       0x30 ./src/lib/cube_g474/Drivers/STM32G4xx_HAL_Driver/Src/stm32g4xx_hal_rtc.o
                0x00000000080025a8                HAL_RTC_WaitForSynchro
 .text.RTC_EnterInitMode
                0x00000000080025d8       0x46 ./src/lib/cube_g474/Drivers/STM32G4xx_HAL_Driver/Src/stm32g4xx_hal_rtc.o
                0x00000000080025d8                RTC_EnterInitMode
 .text.RTC_ExitInitMode
                0x000000000800261e       0x42 ./src/lib/cube_g474/Drivers/STM32G4xx_HAL_Driver/Src/stm32g4xx_hal_rtc.o
                0x000000000800261e                RTC_ExitInitMode
 .text.HAL_RTC_Init
                0x0000000008002660       0x98 ./src/lib/cube_g474/Drivers/STM32G4xx_HAL_Driver/Src/stm32g4xx_hal_rtc.o
                0x0000000008002660                HAL_RTC_Init
 .text.HAL_RTCEx_BKUPWrite
                0x00000000080026f8        0xe ./src/lib/cube_g474/Drivers/STM32G4xx_HAL_Driver/Src/stm32g4xx_hal_rtc_ex.o
                0x00000000080026f8                HAL_RTCEx_BKUPWrite
 .text.HAL_RTCEx_BKUPRead
                0x0000000008002706        0xe ./src/lib/cube_g474/Drivers/STM32G4xx_HAL_Driver/Src/stm32g4xx_hal_rtc_ex.o
                0x0000000008002706                HAL_RTCEx_BKUPRead
 .text.UART_EndRxTransfer
                0x0000000008002714       0x58 ./src/lib/cube_g474/Drivers/STM32G4xx_HAL_Driver/Src/stm32g4xx_hal_uart.o
 .text.HAL_UART_TxCpltCallback
                0x000000000800276c        0x2 ./src/lib/cube_g474/Drivers/STM32G4xx_HAL_Driver/Src/stm32g4xx_hal_uart.o
                0x000000000800276c                HAL_UART_TxCpltCallback
 .text.UART_DMAAbortOnError
                0x000000000800276e       0x14 ./src/lib/cube_g474/Drivers/STM32G4xx_HAL_Driver/Src/stm32g4xx_hal_uart.o
 .text.HAL_UARTEx_RxEventCallback
                0x0000000008002782        0x2 ./src/lib/cube_g474/Drivers/STM32G4xx_HAL_Driver/Src/stm32g4xx_hal_uart.o
                0x0000000008002782                HAL_UARTEx_RxEventCallback
 .text.HAL_UART_IRQHandler
                0x0000000008002784      0x2f8 ./src/lib/cube_g474/Drivers/STM32G4xx_HAL_Driver/Src/stm32g4xx_hal_uart.o
                0x0000000008002784                HAL_UART_IRQHandler
 .text.UART_RxISR_8BIT
                0x0000000008002a7c       0xcc ./src/lib/cube_g474/Drivers/STM32G4xx_HAL_Driver/Src/stm32g4xx_hal_uart.o
 .text.UART_RxISR_16BIT
                0x0000000008002b48       0xc4 ./src/lib/cube_g474/Drivers/STM32G4xx_HAL_Driver/Src/stm32g4xx_hal_uart.o
 .text.UART_RxISR_8BIT_FIFOEN
                0x0000000008002c0c      0x19c ./src/lib/cube_g474/Drivers/STM32G4xx_HAL_Driver/Src/stm32g4xx_hal_uart.o
 .text.UART_RxISR_16BIT_FIFOEN
                0x0000000008002da8      0x198 ./src/lib/cube_g474/Drivers/STM32G4xx_HAL_Driver/Src/stm32g4xx_hal_uart.o
 .text.UART_SetConfig
                0x0000000008002f40      0x2cc ./src/lib/cube_g474/Drivers/STM32G4xx_HAL_Driver/Src/stm32g4xx_hal_uart.o
                0x0000000008002f40                UART_SetConfig
 .text.UART_AdvFeatureConfig
                0x000000000800320c       0xa8 ./src/lib/cube_g474/Drivers/STM32G4xx_HAL_Driver/Src/stm32g4xx_hal_uart.o
                0x000000000800320c                UART_AdvFeatureConfig
 .text.UART_WaitOnFlagUntilTimeout
                0x00000000080032b4       0x90 ./src/lib/cube_g474/Drivers/STM32G4xx_HAL_Driver/Src/stm32g4xx_hal_uart.o
                0x00000000080032b4                UART_WaitOnFlagUntilTimeout
 .text.UART_CheckIdleState
                0x0000000008003344       0xb8 ./src/lib/cube_g474/Drivers/STM32G4xx_HAL_Driver/Src/stm32g4xx_hal_uart.o
                0x0000000008003344                UART_CheckIdleState
 .text.HAL_UART_Init
                0x00000000080033fc       0x60 ./src/lib/cube_g474/Drivers/STM32G4xx_HAL_Driver/Src/stm32g4xx_hal_uart.o
                0x00000000080033fc                HAL_UART_Init
 .text.UART_Start_Receive_IT
                0x000000000800345c      0x110 ./src/lib/cube_g474/Drivers/STM32G4xx_HAL_Driver/Src/stm32g4xx_hal_uart.o
                0x000000000800345c                UART_Start_Receive_IT
 .text.HAL_UART_Receive_IT
                0x000000000800356c       0x44 ./src/lib/cube_g474/Drivers/STM32G4xx_HAL_Driver/Src/stm32g4xx_hal_uart.o
                0x000000000800356c                HAL_UART_Receive_IT
 .text.UARTEx_SetNbDataToProcess
                0x00000000080035b0       0x44 ./src/lib/cube_g474/Drivers/STM32G4xx_HAL_Driver/Src/stm32g4xx_hal_uart_ex.o
 .text.HAL_UARTEx_WakeupCallback
                0x00000000080035f4        0x2 ./src/lib/cube_g474/Drivers/STM32G4xx_HAL_Driver/Src/stm32g4xx_hal_uart_ex.o
                0x00000000080035f4                HAL_UARTEx_WakeupCallback
 .text.HAL_UARTEx_RxFifoFullCallback
                0x00000000080035f6        0x2 ./src/lib/cube_g474/Drivers/STM32G4xx_HAL_Driver/Src/stm32g4xx_hal_uart_ex.o
                0x00000000080035f6                HAL_UARTEx_RxFifoFullCallback
 .text.HAL_UARTEx_TxFifoEmptyCallback
                0x00000000080035f8        0x2 ./src/lib/cube_g474/Drivers/STM32G4xx_HAL_Driver/Src/stm32g4xx_hal_uart_ex.o
                0x00000000080035f8                HAL_UARTEx_TxFifoEmptyCallback
 .text.HAL_UARTEx_DisableFifoMode
                0x00000000080035fa       0x36 ./src/lib/cube_g474/Drivers/STM32G4xx_HAL_Driver/Src/stm32g4xx_hal_uart_ex.o
                0x00000000080035fa                HAL_UARTEx_DisableFifoMode
 .text.HAL_UARTEx_SetTxFifoThreshold
                0x0000000008003630       0x40 ./src/lib/cube_g474/Drivers/STM32G4xx_HAL_Driver/Src/stm32g4xx_hal_uart_ex.o
                0x0000000008003630                HAL_UARTEx_SetTxFifoThreshold
 .text.HAL_UARTEx_SetRxFifoThreshold
                0x0000000008003670       0x40 ./src/lib/cube_g474/Drivers/STM32G4xx_HAL_Driver/Src/stm32g4xx_hal_uart_ex.o
                0x0000000008003670                HAL_UARTEx_SetRxFifoThreshold
 .text.USB_ActivateEndpoint
                0x00000000080036b0      0x2c8 ./src/lib/cube_g474/Drivers/STM32G4xx_HAL_Driver/Src/stm32g4xx_ll_usb.o
                0x00000000080036b0                USB_ActivateEndpoint
 .text.USB_EPSetStall
                0x0000000008003978       0x40 ./src/lib/cube_g474/Drivers/STM32G4xx_HAL_Driver/Src/stm32g4xx_ll_usb.o
                0x0000000008003978                USB_EPSetStall
 .text.USB_EPClearStall
                0x00000000080039b8       0x92 ./src/lib/cube_g474/Drivers/STM32G4xx_HAL_Driver/Src/stm32g4xx_ll_usb.o
                0x00000000080039b8                USB_EPClearStall
 .text.USB_SetDevAddress
                0x0000000008003a4a        0xc ./src/lib/cube_g474/Drivers/STM32G4xx_HAL_Driver/Src/stm32g4xx_ll_usb.o
                0x0000000008003a4a                USB_SetDevAddress
 .text.USB_ReadInterrupts
                0x0000000008003a56        0x8 ./src/lib/cube_g474/Drivers/STM32G4xx_HAL_Driver/Src/stm32g4xx_ll_usb.o
                0x0000000008003a56                USB_ReadInterrupts
 .text.USB_WritePMA
                0x0000000008003a5e       0x1e ./src/lib/cube_g474/Drivers/STM32G4xx_HAL_Driver/Src/stm32g4xx_ll_usb.o
                0x0000000008003a5e                USB_WritePMA
 .text.USB_EPStartXfer
                0x0000000008003a7c      0x480 ./src/lib/cube_g474/Drivers/STM32G4xx_HAL_Driver/Src/stm32g4xx_ll_usb.o
                0x0000000008003a7c                USB_EPStartXfer
 .text.USB_ReadPMA
                0x0000000008003efc       0x36 ./src/lib/cube_g474/Drivers/STM32G4xx_HAL_Driver/Src/stm32g4xx_ll_usb.o
                0x0000000008003efc                USB_ReadPMA
 .text.USBD_SetClassConfig
                0x0000000008003f32        0xe ./src/lib/cube_g474/Middlewares/ST/STM32_USB_Device_Library/Core/Src/usbd_core.o
                0x0000000008003f32                USBD_SetClassConfig
 .text.USBD_ClrClassConfig
                0x0000000008003f40       0x10 ./src/lib/cube_g474/Middlewares/ST/STM32_USB_Device_Library/Core/Src/usbd_core.o
                0x0000000008003f40                USBD_ClrClassConfig
 .text.USBD_LL_SetupStage
                0x0000000008003f50       0x60 ./src/lib/cube_g474/Middlewares/ST/STM32_USB_Device_Library/Core/Src/usbd_core.o
                0x0000000008003f50                USBD_LL_SetupStage
 .text.USBD_LL_DataOutStage
                0x0000000008003fb0       0x60 ./src/lib/cube_g474/Middlewares/ST/STM32_USB_Device_Library/Core/Src/usbd_core.o
                0x0000000008003fb0                USBD_LL_DataOutStage
 .text.USBD_LL_DataInStage
                0x0000000008004010       0xa4 ./src/lib/cube_g474/Middlewares/ST/STM32_USB_Device_Library/Core/Src/usbd_core.o
                0x0000000008004010                USBD_LL_DataInStage
 .text.USBD_LL_Reset
                0x00000000080040b4       0x58 ./src/lib/cube_g474/Middlewares/ST/STM32_USB_Device_Library/Core/Src/usbd_core.o
                0x00000000080040b4                USBD_LL_Reset
 .text.USBD_LL_SetSpeed
                0x000000000800410c        0x6 ./src/lib/cube_g474/Middlewares/ST/STM32_USB_Device_Library/Core/Src/usbd_core.o
                0x000000000800410c                USBD_LL_SetSpeed
 .text.USBD_LL_Suspend
                0x0000000008004112       0x14 ./src/lib/cube_g474/Middlewares/ST/STM32_USB_Device_Library/Core/Src/usbd_core.o
                0x0000000008004112                USBD_LL_Suspend
 .text.USBD_LL_Resume
                0x0000000008004126       0x16 ./src/lib/cube_g474/Middlewares/ST/STM32_USB_Device_Library/Core/Src/usbd_core.o
                0x0000000008004126                USBD_LL_Resume
 .text.USBD_LL_SOF
                0x000000000800413c       0x22 ./src/lib/cube_g474/Middlewares/ST/STM32_USB_Device_Library/Core/Src/usbd_core.o
                0x000000000800413c                USBD_LL_SOF
 .text.USBD_CtlError.constprop.0
                0x000000000800415e       0x16 ./src/lib/cube_g474/Middlewares/ST/STM32_USB_Device_Library/Core/Src/usbd_ctlreq.o
 .text.USBD_StdDevReq
                0x0000000008004174      0x2a8 ./src/lib/cube_g474/Middlewares/ST/STM32_USB_Device_Library/Core/Src/usbd_ctlreq.o
                0x0000000008004174                USBD_StdDevReq
 .text.USBD_StdItfReq
                0x000000000800441c       0x4c ./src/lib/cube_g474/Middlewares/ST/STM32_USB_Device_Library/Core/Src/usbd_ctlreq.o
                0x000000000800441c                USBD_StdItfReq
 .text.USBD_StdEPReq
                0x0000000008004468      0x11c ./src/lib/cube_g474/Middlewares/ST/STM32_USB_Device_Library/Core/Src/usbd_ctlreq.o
                0x0000000008004468                USBD_StdEPReq
 .text.USBD_ParseSetupRequest
                0x0000000008004584       0x16 ./src/lib/cube_g474/Middlewares/ST/STM32_USB_Device_Library/Core/Src/usbd_ctlreq.o
                0x0000000008004584                USBD_ParseSetupRequest
 .text.USBD_CtlSendData
                0x000000000800459a       0x1a ./src/lib/cube_g474/Middlewares/ST/STM32_USB_Device_Library/Core/Src/usbd_ioreq.o
                0x000000000800459a                USBD_CtlSendData
 .text.USBD_CtlContinueSendData
                0x00000000080045b4       0x10 ./src/lib/cube_g474/Middlewares/ST/STM32_USB_Device_Library/Core/Src/usbd_ioreq.o
                0x00000000080045b4                USBD_CtlContinueSendData
 .text.USBD_CtlContinueRx
                0x00000000080045c4       0x10 ./src/lib/cube_g474/Middlewares/ST/STM32_USB_Device_Library/Core/Src/usbd_ioreq.o
                0x00000000080045c4                USBD_CtlContinueRx
 .text.USBD_CtlSendStatus
                0x00000000080045d4       0x16 ./src/lib/cube_g474/Middlewares/ST/STM32_USB_Device_Library/Core/Src/usbd_ioreq.o
                0x00000000080045d4                USBD_CtlSendStatus
 .text.USBD_CtlReceiveStatus
                0x00000000080045ea       0x16 ./src/lib/cube_g474/Middlewares/ST/STM32_USB_Device_Library/Core/Src/usbd_ioreq.o
                0x00000000080045ea                USBD_CtlReceiveStatus
 .text.USBD_Get_USB_Status
                0x0000000008004600       0x10 ./src/lib/cube_g474/USB_Device/Target/usbd_conf.o
 .text.HAL_PCD_SetupStageCallback
                0x0000000008004610        0xc ./src/lib/cube_g474/USB_Device/Target/usbd_conf.o
                0x0000000008004610                HAL_PCD_SetupStageCallback
 .text.HAL_PCD_DataOutStageCallback
                0x000000000800461c       0x12 ./src/lib/cube_g474/USB_Device/Target/usbd_conf.o
                0x000000000800461c                HAL_PCD_DataOutStageCallback
 .text.HAL_PCD_DataInStageCallback
                0x000000000800462e       0x10 ./src/lib/cube_g474/USB_Device/Target/usbd_conf.o
                0x000000000800462e                HAL_PCD_DataInStageCallback
 .text.HAL_PCD_SOFCallback
                0x000000000800463e        0x8 ./src/lib/cube_g474/USB_Device/Target/usbd_conf.o
                0x000000000800463e                HAL_PCD_SOFCallback
 .text.HAL_PCD_ResetCallback
                0x0000000008004646       0x24 ./src/lib/cube_g474/USB_Device/Target/usbd_conf.o
                0x0000000008004646                HAL_PCD_ResetCallback
 *fill*         0x000000000800466a        0x2 
 .text.HAL_PCD_SuspendCallback
                0x000000000800466c       0x20 ./src/lib/cube_g474/USB_Device/Target/usbd_conf.o
                0x000000000800466c                HAL_PCD_SuspendCallback
 .text.HAL_PCD_ResumeCallback
                0x000000000800468c       0x28 ./src/lib/cube_g474/USB_Device/Target/usbd_conf.o
                0x000000000800468c                HAL_PCD_ResumeCallback
 .text.USBD_LL_OpenEP
                0x00000000080046b4       0x18 ./src/lib/cube_g474/USB_Device/Target/usbd_conf.o
                0x00000000080046b4                USBD_LL_OpenEP
 .text.USBD_LL_StallEP
                0x00000000080046cc       0x12 ./src/lib/cube_g474/USB_Device/Target/usbd_conf.o
                0x00000000080046cc                USBD_LL_StallEP
 .text.USBD_LL_ClearStallEP
                0x00000000080046de       0x12 ./src/lib/cube_g474/USB_Device/Target/usbd_conf.o
                0x00000000080046de                USBD_LL_ClearStallEP
 .text.USBD_LL_IsStallEP
                0x00000000080046f0       0x24 ./src/lib/cube_g474/USB_Device/Target/usbd_conf.o
                0x00000000080046f0                USBD_LL_IsStallEP
 .text.USBD_LL_SetUSBAddress
                0x0000000008004714       0x12 ./src/lib/cube_g474/USB_Device/Target/usbd_conf.o
                0x0000000008004714                USBD_LL_SetUSBAddress
 .text.USBD_LL_Transmit
                0x0000000008004726       0x12 ./src/lib/cube_g474/USB_Device/Target/usbd_conf.o
                0x0000000008004726                USBD_LL_Transmit
 .text.USBD_LL_PrepareReceive
                0x0000000008004738       0x12 ./src/lib/cube_g474/USB_Device/Target/usbd_conf.o
                0x0000000008004738                USBD_LL_PrepareReceive
 *fill*         0x000000000800474a        0x2 
 .text.HAL_PCDEx_LPM_Callback
                0x000000000800474c       0x48 ./src/lib/cube_g474/USB_Device/Target/usbd_conf.o
                0x000000000800474c                HAL_PCDEx_LPM_Callback
 .text.startup.main
                0x0000000008004794       0x12 ./src/main.o
                0x0000000008004794                main
 .text.memset   0x00000000080047a6       0x10 C:/ST/STM32CubeIDE_1.14.0/STM32CubeIDE/plugins/com.st.stm32cube.ide.mcu.externaltools.gnu-tools-for-stm32.11.3.rel1.win32_1.1.100.202309141235/tools/bin/../lib/gcc/arm-none-eabi/11.3.1/../../../../arm-none-eabi/lib/thumb/v7e-m+fp/hard\libc_nano.a(libc_a-memset.o)
                0x00000000080047a6                memset
 *fill*         0x00000000080047b6        0x2 
 .text.__libc_init_array
                0x00000000080047b8       0x48 C:/ST/STM32CubeIDE_1.14.0/STM32CubeIDE/plugins/com.st.stm32cube.ide.mcu.externaltools.gnu-tools-for-stm32.11.3.rel1.win32_1.1.100.202309141235/tools/bin/../lib/gcc/arm-none-eabi/11.3.1/../../../../arm-none-eabi/lib/thumb/v7e-m+fp/hard\libc_nano.a(libc_a-init.o)
                0x00000000080047b8                __libc_init_array
 *(.glue_7)
 .glue_7        0x0000000008004800        0x0 linker stubs
 *(.glue_7t)
 .glue_7t       0x0000000008004800        0x0 linker stubs
 *(.eh_frame)
 .eh_frame      0x0000000008004800        0x0 C:/ST/STM32CubeIDE_1.14.0/STM32CubeIDE/plugins/com.st.stm32cube.ide.mcu.externaltools.gnu-tools-for-stm32.11.3.rel1.win32_1.1.100.202309141235/tools/bin/../lib/gcc/arm-none-eabi/11.3.1/thumb/v7e-m+fp/hard/crtbegin.o
 *(.init)
 .init          0x0000000008004800        0x4 C:/ST/STM32CubeIDE_1.14.0/STM32CubeIDE/plugins/com.st.stm32cube.ide.mcu.externaltools.gnu-tools-for-stm32.11.3.rel1.win32_1.1.100.202309141235/tools/bin/../lib/gcc/arm-none-eabi/11.3.1/thumb/v7e-m+fp/hard/crti.o
                0x0000000008004800                _init
 .init          0x0000000008004804        0x8 C:/ST/STM32CubeIDE_1.14.0/STM32CubeIDE/plugins/com.st.stm32cube.ide.mcu.externaltools.gnu-tools-for-stm32.11.3.rel1.win32_1.1.100.202309141235/tools/bin/../lib/gcc/arm-none-eabi/11.3.1/thumb/v7e-m+fp/hard/crtn.o
 *(.fini)
 .fini          0x000000000800480c        0x4 C:/ST/STM32CubeIDE_1.14.0/STM32CubeIDE/plugins/com.st.stm32cube.ide.mcu.externaltools.gnu-tools-for-stm32.11.3.rel1.win32_1.1.100.202309141235/tools/bin/../lib/gcc/arm-none-eabi/11.3.1/thumb/v7e-m+fp/hard/crti.o
                0x000000000800480c                _fini
 .fini          0x0000000008004810        0x8 C:/ST/STM32CubeIDE_1.14.0/STM32CubeIDE/plugins/com.st.stm32cube.ide.mcu.externaltools.gnu-tools-for-stm32.11.3.rel1.win32_1.1.100.202309141235/tools/bin/../lib/gcc/arm-none-eabi/11.3.1/thumb/v7e-m+fp/hard/crtn.o
                0x0000000008004818                . = ALIGN (0x4)
                0x0000000008004818                _etext = .

.vfp11_veneer   0x0000000008004818        0x0
 .vfp11_veneer  0x0000000008004818        0x0 linker stubs

.v4_bx          0x0000000008004818        0x0
 .v4_bx         0x0000000008004818        0x0 linker stubs

.iplt           0x0000000008004818        0x0
 .iplt          0x0000000008004818        0x0 C:/ST/STM32CubeIDE_1.14.0/STM32CubeIDE/plugins/com.st.stm32cube.ide.mcu.externaltools.gnu-tools-for-stm32.11.3.rel1.win32_1.1.100.202309141235/tools/bin/../lib/gcc/arm-none-eabi/11.3.1/thumb/v7e-m+fp/hard/crtbegin.o

.rodata         0x0000000008004818       0x54
                0x0000000008004818                . = ALIGN (0x4)
 *(.rodata)
 *(.rodata*)
 .rodata.AHBPrescTable
                0x0000000008004818       0x10 ./src/bsp/system_stm32g4xx.o
                0x0000000008004818                AHBPrescTable
 .rodata.APBPrescTable
                0x0000000008004828        0x8 ./src/bsp/system_stm32g4xx.o
                0x0000000008004828                APBPrescTable
 .rodata.CSWTCH.60
                0x0000000008004830        0x3 ./src/lib/cube_g474/Drivers/STM32G4xx_HAL_Driver/Src/stm32g4xx_hal_uart.o
 .rodata.CSWTCH.61
                0x0000000008004833        0xd ./src/lib/cube_g474/Drivers/STM32G4xx_HAL_Driver/Src/stm32g4xx_hal_uart.o
 .rodata.UARTPrescTable
                0x0000000008004840       0x18 ./src/lib/cube_g474/Drivers/STM32G4xx_HAL_Driver/Src/stm32g4xx_hal_uart.o
                0x0000000008004840                UARTPrescTable
 .rodata.denominator.0
                0x0000000008004858        0x8 ./src/lib/cube_g474/Drivers/STM32G4xx_HAL_Driver/Src/stm32g4xx_hal_uart_ex.o
 .rodata.numerator.1
                0x0000000008004860        0x8 ./src/lib/cube_g474/Drivers/STM32G4xx_HAL_Driver/Src/stm32g4xx_hal_uart_ex.o
 .rodata.CSWTCH.3
                0x0000000008004868        0x4 ./src/lib/cube_g474/USB_Device/Target/usbd_conf.o
                0x000000000800486c                . = ALIGN (0x4)

.ARM.extab      0x000000000800486c        0x0
                0x000000000800486c                . = ALIGN (0x4)
 *(.ARM.extab* .gnu.linkonce.armextab.*)
                0x000000000800486c                . = ALIGN (0x4)

.ARM            0x000000000800486c        0x8
                0x000000000800486c                . = ALIGN (0x4)
                0x000000000800486c                __exidx_start = .
 *(.ARM.exidx*)
 .ARM.exidx     0x000000000800486c        0x8 C:/ST/STM32CubeIDE_1.14.0/STM32CubeIDE/plugins/com.st.stm32cube.ide.mcu.externaltools.gnu-tools-for-stm32.11.3.rel1.win32_1.1.100.202309141235/tools/bin/../lib/gcc/arm-none-eabi/11.3.1/thumb/v7e-m+fp/hard\libgcc.a(_udivmoddi4.o)
                0x0000000008004874                __exidx_end = .
                0x0000000008004874                . = ALIGN (0x4)

.rel.dyn        0x0000000008004874        0x0
 .rel.iplt      0x0000000008004874        0x0 C:/ST/STM32CubeIDE_1.14.0/STM32CubeIDE/plugins/com.st.stm32cube.ide.mcu.externaltools.gnu-tools-for-stm32.11.3.rel1.win32_1.1.100.202309141235/tools/bin/../lib/gcc/arm-none-eabi/11.3.1/thumb/v7e-m+fp/hard/crtbegin.o

.preinit_array  0x0000000008004874        0x0
                0x0000000008004874                . = ALIGN (0x4)
                0x0000000008004874                PROVIDE (__preinit_array_start = .)
 *(.preinit_array*)
                0x0000000008004874                PROVIDE (__preinit_array_end = .)
                0x0000000008004874                . = ALIGN (0x4)

.init_array     0x0000000008004874        0x4
                0x0000000008004874                . = ALIGN (0x4)
                0x0000000008004874                PROVIDE (__init_array_start = .)
 *(SORT_BY_NAME(.init_array.*))
 *(.init_array*)
 .init_array    0x0000000008004874        0x4 C:/ST/STM32CubeIDE_1.14.0/STM32CubeIDE/plugins/com.st.stm32cube.ide.mcu.externaltools.gnu-tools-for-stm32.11.3.rel1.win32_1.1.100.202309141235/tools/bin/../lib/gcc/arm-none-eabi/11.3.1/thumb/v7e-m+fp/hard/crtbegin.o
                0x0000000008004878                PROVIDE (__init_array_end = .)
                0x0000000008004878                . = ALIGN (0x4)

.fini_array     0x0000000008004878        0x4
                0x0000000008004878                . = ALIGN (0x4)
                [!provide]                        PROVIDE (__fini_array_start = .)
 *(SORT_BY_NAME(.fini_array.*))
 *(.fini_array*)
 .fini_array    0x0000000008004878        0x4 C:/ST/STM32CubeIDE_1.14.0/STM32CubeIDE/plugins/com.st.stm32cube.ide.mcu.externaltools.gnu-tools-for-stm32.11.3.rel1.win32_1.1.100.202309141235/tools/bin/../lib/gcc/arm-none-eabi/11.3.1/thumb/v7e-m+fp/hard/crtbegin.o
                [!provide]                        PROVIDE (__fini_array_end = .)
                0x000000000800487c                . = ALIGN (0x4)
                0x000000000800487c                _sidata = LOADADDR (.data)

.data           0x0000000020000000        0xc load address 0x000000000800487c
                0x0000000020000000                . = ALIGN (0x4)
                0x0000000020000000                _sdata = .
 *(.data)
 *(.data*)
 .data.SystemCoreClock
                0x0000000020000000        0x4 ./src/bsp/system_stm32g4xx.o
                0x0000000020000000                SystemCoreClock
 .data.uwTickFreq
                0x0000000020000004        0x4 ./src/lib/cube_g474/Drivers/STM32G4xx_HAL_Driver/Src/stm32g4xx_hal.o
                0x0000000020000004                uwTickFreq
 .data.uwTickPrio
                0x0000000020000008        0x4 ./src/lib/cube_g474/Drivers/STM32G4xx_HAL_Driver/Src/stm32g4xx_hal.o
                0x0000000020000008                uwTickPrio
 *(.RamFunc)
 *(.RamFunc*)
                0x000000002000000c                . = ALIGN (0x4)
                0x000000002000000c                _edata = .
                0x0000000008004888                _siccmsram = LOADADDR (.ccmsram)

.igot.plt       0x000000002000000c        0x0 load address 0x0000000008004888
 .igot.plt      0x000000002000000c        0x0 C:/ST/STM32CubeIDE_1.14.0/STM32CubeIDE/plugins/com.st.stm32cube.ide.mcu.externaltools.gnu-tools-for-stm32.11.3.rel1.win32_1.1.100.202309141235/tools/bin/../lib/gcc/arm-none-eabi/11.3.1/thumb/v7e-m+fp/hard/crtbegin.o

.ccmsram        0x0000000010000000        0x0 load address 0x0000000008004888
                0x0000000010000000                . = ALIGN (0x4)
                0x0000000010000000                _sccmsram = .
 *(.ccmsram)
 *(.ccmsram*)
                0x0000000010000000                . = ALIGN (0x4)
                0x0000000010000000                _eccmsram = .
                0x0000000010000000                . = ALIGN (0x4)

.bss            0x000000002000000c      0x4d8
                0x000000002000000c                _sbss = .
                0x000000002000000c                __bss_start__ = _sbss
 *(.bss)
 .bss           0x000000002000000c       0x1c C:/ST/STM32CubeIDE_1.14.0/STM32CubeIDE/plugins/com.st.stm32cube.ide.mcu.externaltools.gnu-tools-for-stm32.11.3.rel1.win32_1.1.100.202309141235/tools/bin/../lib/gcc/arm-none-eabi/11.3.1/thumb/v7e-m+fp/hard/crtbegin.o
 *(.bss*)
 .bss.reset_count
                0x0000000020000028        0x4 ./src/hw/driver/reset.o
 .bss.hrtc      0x000000002000002c       0x28 ./src/hw/driver/rtc.o
 .bss.huart1    0x0000000020000054       0x94 ./src/hw/driver/uart.o
                0x0000000020000054                huart1
 .bss.qbuffer   0x00000000200000e8       0x14 ./src/hw/driver/uart.o
 .bss.rx_buf    0x00000000200000fc      0x100 ./src/hw/driver/uart.o
 .bss.rx_data   0x00000000200001fc        0x1 ./src/hw/driver/uart.o
 *fill*         0x00000000200001fd        0x3 
 .bss.uwTick    0x0000000020000200        0x4 ./src/lib/cube_g474/Drivers/STM32G4xx_HAL_Driver/Src/stm32g4xx_hal.o
                0x0000000020000200                uwTick
 .bss.cfgidx.0  0x0000000020000204        0x1 ./src/lib/cube_g474/Middlewares/ST/STM32_USB_Device_Library/Core/Src/usbd_ctlreq.o
 *fill*         0x0000000020000205        0x3 
 .bss.hpcd_USB_FS
                0x0000000020000208      0x2dc ./src/lib/cube_g474/USB_Device/Target/usbd_conf.o
                0x0000000020000208                hpcd_USB_FS
 *(COMMON)
                0x00000000200004e4                . = ALIGN (0x4)
                0x00000000200004e4                _ebss = .
                0x00000000200004e4                __bss_end__ = _ebss

._user_heap_stack
                0x00000000200004e4      0x604
                0x00000000200004e8                . = ALIGN (0x8)
 *fill*         0x00000000200004e4        0x4 
                [!provide]                        PROVIDE (end = .)
                0x00000000200004e8                PROVIDE (_end = .)
                0x00000000200006e8                . = (. + _Min_Heap_Size)
 *fill*         0x00000000200004e8      0x200 
                0x0000000020000ae8                . = (. + _Min_Stack_Size)
 *fill*         0x00000000200006e8      0x400 
                0x0000000020000ae8                . = ALIGN (0x8)

/DISCARD/
 libc.a(*)
 libm.a(*)
 libgcc.a(*)

.ARM.attributes
                0x0000000000000000       0x30
 *(.ARM.attributes)
 .ARM.attributes
                0x0000000000000000       0x1e C:/ST/STM32CubeIDE_1.14.0/STM32CubeIDE/plugins/com.st.stm32cube.ide.mcu.externaltools.gnu-tools-for-stm32.11.3.rel1.win32_1.1.100.202309141235/tools/bin/../lib/gcc/arm-none-eabi/11.3.1/thumb/v7e-m+fp/hard/crti.o
 .ARM.attributes
                0x000000000000001e       0x34 C:/ST/STM32CubeIDE_1.14.0/STM32CubeIDE/plugins/com.st.stm32cube.ide.mcu.externaltools.gnu-tools-for-stm32.11.3.rel1.win32_1.1.100.202309141235/tools/bin/../lib/gcc/arm-none-eabi/11.3.1/thumb/v7e-m+fp/hard/crtbegin.o
 .ARM.attributes
                0x0000000000000052       0x34 ./src/ap/ap.o
 .ARM.attributes
                0x0000000000000086       0x34 ./src/bsp/bsp.o
 .ARM.attributes
                0x00000000000000ba       0x34 ./src/bsp/stm32g4xx_hal_msp.o
 .ARM.attributes
                0x00000000000000ee       0x34 ./src/bsp/stm32g4xx_it.o
 .ARM.attributes
                0x0000000000000122       0x34 ./src/bsp/system_stm32g4xx.o
 .ARM.attributes
                0x0000000000000156       0x21 ./src/bsp/startup/startup_stm32g474retx.o
 .ARM.attributes
                0x0000000000000177       0x34 ./src/common/core/qbuffer.o
 .ARM.attributes
                0x00000000000001ab       0x34 ./src/hw/driver/flash.o
 .ARM.attributes
                0x00000000000001df       0x34 ./src/hw/driver/led.o
 .ARM.attributes
                0x0000000000000213       0x34 ./src/hw/driver/reset.o
 .ARM.attributes
                0x0000000000000247       0x34 ./src/hw/driver/rtc.o
 .ARM.attributes
                0x000000000000027b       0x34 ./src/hw/driver/uart.o
 .ARM.attributes
                0x00000000000002af       0x34 ./src/hw/hw.o
 .ARM.attributes
                0x00000000000002e3       0x34 ./src/lib/cube_g474/Drivers/STM32G4xx_HAL_Driver/Src/stm32g4xx_hal.o
 .ARM.attributes
                0x0000000000000317       0x34 ./src/lib/cube_g474/Drivers/STM32G4xx_HAL_Driver/Src/stm32g4xx_hal_cortex.o
 .ARM.attributes
                0x000000000000034b       0x34 ./src/lib/cube_g474/Drivers/STM32G4xx_HAL_Driver/Src/stm32g4xx_hal_dma.o
 .ARM.attributes
                0x000000000000037f       0x34 ./src/lib/cube_g474/Drivers/STM32G4xx_HAL_Driver/Src/stm32g4xx_hal_gpio.o
 .ARM.attributes
                0x00000000000003b3       0x34 ./src/lib/cube_g474/Drivers/STM32G4xx_HAL_Driver/Src/stm32g4xx_hal_pcd.o
 .ARM.attributes
                0x00000000000003e7       0x34 ./src/lib/cube_g474/Drivers/STM32G4xx_HAL_Driver/Src/stm32g4xx_hal_pwr_ex.o
 .ARM.attributes
                0x000000000000041b       0x34 ./src/lib/cube_g474/Drivers/STM32G4xx_HAL_Driver/Src/stm32g4xx_hal_rcc.o
 .ARM.attributes
                0x000000000000044f       0x34 ./src/lib/cube_g474/Drivers/STM32G4xx_HAL_Driver/Src/stm32g4xx_hal_rcc_ex.o
 .ARM.attributes
                0x0000000000000483       0x34 ./src/lib/cube_g474/Drivers/STM32G4xx_HAL_Driver/Src/stm32g4xx_hal_rtc.o
 .ARM.attributes
                0x00000000000004b7       0x34 ./src/lib/cube_g474/Drivers/STM32G4xx_HAL_Driver/Src/stm32g4xx_hal_rtc_ex.o
 .ARM.attributes
                0x00000000000004eb       0x34 ./src/lib/cube_g474/Drivers/STM32G4xx_HAL_Driver/Src/stm32g4xx_hal_uart.o
 .ARM.attributes
                0x000000000000051f       0x34 ./src/lib/cube_g474/Drivers/STM32G4xx_HAL_Driver/Src/stm32g4xx_hal_uart_ex.o
 .ARM.attributes
                0x0000000000000553       0x34 ./src/lib/cube_g474/Drivers/STM32G4xx_HAL_Driver/Src/stm32g4xx_ll_usb.o
 .ARM.attributes
                0x0000000000000587       0x34 ./src/lib/cube_g474/Middlewares/ST/STM32_USB_Device_Library/Core/Src/usbd_core.o
 .ARM.attributes
                0x00000000000005bb       0x34 ./src/lib/cube_g474/Middlewares/ST/STM32_USB_Device_Library/Core/Src/usbd_ctlreq.o
 .ARM.attributes
                0x00000000000005ef       0x34 ./src/lib/cube_g474/Middlewares/ST/STM32_USB_Device_Library/Core/Src/usbd_ioreq.o
 .ARM.attributes
                0x0000000000000623       0x34 ./src/lib/cube_g474/USB_Device/Target/usbd_conf.o
 .ARM.attributes
                0x0000000000000657       0x34 ./src/main.o
 .ARM.attributes
                0x000000000000068b       0x34 C:/ST/STM32CubeIDE_1.14.0/STM32CubeIDE/plugins/com.st.stm32cube.ide.mcu.externaltools.gnu-tools-for-stm32.11.3.rel1.win32_1.1.100.202309141235/tools/bin/../lib/gcc/arm-none-eabi/11.3.1/../../../../arm-none-eabi/lib/thumb/v7e-m+fp/hard\libc_nano.a(libc_a-memset.o)
 .ARM.attributes
                0x00000000000006bf       0x34 C:/ST/STM32CubeIDE_1.14.0/STM32CubeIDE/plugins/com.st.stm32cube.ide.mcu.externaltools.gnu-tools-for-stm32.11.3.rel1.win32_1.1.100.202309141235/tools/bin/../lib/gcc/arm-none-eabi/11.3.1/../../../../arm-none-eabi/lib/thumb/v7e-m+fp/hard\libc_nano.a(libc_a-init.o)
 .ARM.attributes
                0x00000000000006f3       0x1e C:/ST/STM32CubeIDE_1.14.0/STM32CubeIDE/plugins/com.st.stm32cube.ide.mcu.externaltools.gnu-tools-for-stm32.11.3.rel1.win32_1.1.100.202309141235/tools/bin/../lib/gcc/arm-none-eabi/11.3.1/thumb/v7e-m+fp/hard\libgcc.a(_aeabi_uldivmod.o)
 .ARM.attributes
                0x0000000000000711       0x34 C:/ST/STM32CubeIDE_1.14.0/STM32CubeIDE/plugins/com.st.stm32cube.ide.mcu.externaltools.gnu-tools-for-stm32.11.3.rel1.win32_1.1.100.202309141235/tools/bin/../lib/gcc/arm-none-eabi/11.3.1/thumb/v7e-m+fp/hard\libgcc.a(_udivmoddi4.o)
 .ARM.attributes
                0x0000000000000745       0x1e C:/ST/STM32CubeIDE_1.14.0/STM32CubeIDE/plugins/com.st.stm32cube.ide.mcu.externaltools.gnu-tools-for-stm32.11.3.rel1.win32_1.1.100.202309141235/tools/bin/../lib/gcc/arm-none-eabi/11.3.1/thumb/v7e-m+fp/hard\libgcc.a(_dvmd_tls.o)
 .ARM.attributes
                0x0000000000000763       0x1e C:/ST/STM32CubeIDE_1.14.0/STM32CubeIDE/plugins/com.st.stm32cube.ide.mcu.externaltools.gnu-tools-for-stm32.11.3.rel1.win32_1.1.100.202309141235/tools/bin/../lib/gcc/arm-none-eabi/11.3.1/thumb/v7e-m+fp/hard/crtn.o
OUTPUT(stm32g474_boot.elf elf32-littlearm)
LOAD linker stubs
LOAD C:/ST/STM32CubeIDE_1.14.0/STM32CubeIDE/plugins/com.st.stm32cube.ide.mcu.externaltools.gnu-tools-for-stm32.11.3.rel1.win32_1.1.100.202309141235/tools/bin/../lib/gcc/arm-none-eabi/11.3.1/../../../../arm-none-eabi/lib/thumb/v7e-m+fp/hard\libc.a
LOAD C:/ST/STM32CubeIDE_1.14.0/STM32CubeIDE/plugins/com.st.stm32cube.ide.mcu.externaltools.gnu-tools-for-stm32.11.3.rel1.win32_1.1.100.202309141235/tools/bin/../lib/gcc/arm-none-eabi/11.3.1/../../../../arm-none-eabi/lib/thumb/v7e-m+fp/hard\libm.a
LOAD C:/ST/STM32CubeIDE_1.14.0/STM32CubeIDE/plugins/com.st.stm32cube.ide.mcu.externaltools.gnu-tools-for-stm32.11.3.rel1.win32_1.1.100.202309141235/tools/bin/../lib/gcc/arm-none-eabi/11.3.1/thumb/v7e-m+fp/hard\libgcc.a

.comment        0x0000000000000000       0x43
 .comment       0x0000000000000000       0x43 C:/ST/STM32CubeIDE_1.14.0/STM32CubeIDE/plugins/com.st.stm32cube.ide.mcu.externaltools.gnu-tools-for-stm32.11.3.rel1.win32_1.1.100.202309141235/tools/bin/../lib/gcc/arm-none-eabi/11.3.1/thumb/v7e-m+fp/hard/crtbegin.o
                                         0x44 (size before relaxing)
 .comment       0x0000000000000043       0x44 ./src/ap/ap.o
 .comment       0x0000000000000043       0x44 ./src/bsp/bsp.o
 .comment       0x0000000000000043       0x44 ./src/bsp/stm32g4xx_hal_msp.o
 .comment       0x0000000000000043       0x44 ./src/bsp/stm32g4xx_it.o
 .comment       0x0000000000000043       0x44 ./src/bsp/system_stm32g4xx.o
 .comment       0x0000000000000043       0x44 ./src/common/core/qbuffer.o
 .comment       0x0000000000000043       0x44 ./src/hw/driver/flash.o
 .comment       0x0000000000000043       0x44 ./src/hw/driver/led.o
 .comment       0x0000000000000043       0x44 ./src/hw/driver/reset.o
 .comment       0x0000000000000043       0x44 ./src/hw/driver/rtc.o
 .comment       0x0000000000000043       0x44 ./src/hw/driver/uart.o
 .comment       0x0000000000000043       0x44 ./src/hw/hw.o
 .comment       0x0000000000000043       0x44 ./src/lib/cube_g474/Drivers/STM32G4xx_HAL_Driver/Src/stm32g4xx_hal.o
 .comment       0x0000000000000043       0x44 ./src/lib/cube_g474/Drivers/STM32G4xx_HAL_Driver/Src/stm32g4xx_hal_cortex.o
 .comment       0x0000000000000043       0x44 ./src/lib/cube_g474/Drivers/STM32G4xx_HAL_Driver/Src/stm32g4xx_hal_dma.o
 .comment       0x0000000000000043       0x44 ./src/lib/cube_g474/Drivers/STM32G4xx_HAL_Driver/Src/stm32g4xx_hal_gpio.o
 .comment       0x0000000000000043       0x44 ./src/lib/cube_g474/Drivers/STM32G4xx_HAL_Driver/Src/stm32g4xx_hal_pcd.o
 .comment       0x0000000000000043       0x44 ./src/lib/cube_g474/Drivers/STM32G4xx_HAL_Driver/Src/stm32g4xx_hal_pwr_ex.o
 .comment       0x0000000000000043       0x44 ./src/lib/cube_g474/Drivers/STM32G4xx_HAL_Driver/Src/stm32g4xx_hal_rcc.o
 .comment       0x0000000000000043       0x44 ./src/lib/cube_g474/Drivers/STM32G4xx_HAL_Driver/Src/stm32g4xx_hal_rcc_ex.o
 .comment       0x0000000000000043       0x44 ./src/lib/cube_g474/Drivers/STM32G4xx_HAL_Driver/Src/stm32g4xx_hal_rtc.o
 .comment       0x0000000000000043       0x44 ./src/lib/cube_g474/Drivers/STM32G4xx_HAL_Driver/Src/stm32g4xx_hal_rtc_ex.o
 .comment       0x0000000000000043       0x44 ./src/lib/cube_g474/Drivers/STM32G4xx_HAL_Driver/Src/stm32g4xx_hal_uart.o
 .comment       0x0000000000000043       0x44 ./src/lib/cube_g474/Drivers/STM32G4xx_HAL_Driver/Src/stm32g4xx_hal_uart_ex.o
 .comment       0x0000000000000043       0x44 ./src/lib/cube_g474/Drivers/STM32G4xx_HAL_Driver/Src/stm32g4xx_ll_usb.o
 .comment       0x0000000000000043       0x44 ./src/lib/cube_g474/Middlewares/ST/STM32_USB_Device_Library/Core/Src/usbd_core.o
 .comment       0x0000000000000043       0x44 ./src/lib/cube_g474/Middlewares/ST/STM32_USB_Device_Library/Core/Src/usbd_ctlreq.o
 .comment       0x0000000000000043       0x44 ./src/lib/cube_g474/Middlewares/ST/STM32_USB_Device_Library/Core/Src/usbd_ioreq.o
 .comment       0x0000000000000043       0x44 ./src/lib/cube_g474/USB_Device/Target/usbd_conf.o
 .comment       0x0000000000000043       0x44 ./src/main.o

.debug_info     0x0000000000000000    0x1cc0b
 .debug_info    0x0000000000000000      0x468 ./src/ap/ap.o
 .debug_info    0x0000000000000468      0x7ce ./src/bsp/bsp.o
 .debug_info    0x0000000000000c36      0x2ea ./src/bsp/stm32g4xx_hal_msp.o
 .debug_info    0x0000000000000f20      0xd4c ./src/bsp/stm32g4xx_it.o
 .debug_info    0x0000000000001c6c      0x5a0 ./src/bsp/system_stm32g4xx.o
 .debug_info    0x000000000000220c       0x23 ./src/bsp/startup/startup_stm32g474retx.o
 .debug_info    0x000000000000222f      0x3ec ./src/common/core/qbuffer.o
 .debug_info    0x000000000000261b      0x546 ./src/hw/driver/flash.o
 .debug_info    0x0000000000002b61      0x727 ./src/hw/driver/led.o
 .debug_info    0x0000000000003288      0x987 ./src/hw/driver/reset.o
 .debug_info    0x0000000000003c0f      0x86a ./src/hw/driver/rtc.o
 .debug_info    0x0000000000004479     0x18b1 ./src/hw/driver/uart.o
 .debug_info    0x0000000000005d2a      0x219 ./src/hw/hw.o
 .debug_info    0x0000000000005f43      0xcb3 ./src/lib/cube_g474/Drivers/STM32G4xx_HAL_Driver/Src/stm32g4xx_hal.o
 .debug_info    0x0000000000006bf6      0xfdc ./src/lib/cube_g474/Drivers/STM32G4xx_HAL_Driver/Src/stm32g4xx_hal_cortex.o
 .debug_info    0x0000000000007bd2      0x9e5 ./src/lib/cube_g474/Drivers/STM32G4xx_HAL_Driver/Src/stm32g4xx_hal_dma.o
 .debug_info    0x00000000000085b7      0x795 ./src/lib/cube_g474/Drivers/STM32G4xx_HAL_Driver/Src/stm32g4xx_hal_gpio.o
 .debug_info    0x0000000000008d4c     0x1c83 ./src/lib/cube_g474/Drivers/STM32G4xx_HAL_Driver/Src/stm32g4xx_hal_pcd.o
 .debug_info    0x000000000000a9cf      0x997 ./src/lib/cube_g474/Drivers/STM32G4xx_HAL_Driver/Src/stm32g4xx_hal_pwr_ex.o
 .debug_info    0x000000000000b366      0xed6 ./src/lib/cube_g474/Drivers/STM32G4xx_HAL_Driver/Src/stm32g4xx_hal_rcc.o
 .debug_info    0x000000000000c23c      0xd68 ./src/lib/cube_g474/Drivers/STM32G4xx_HAL_Driver/Src/stm32g4xx_hal_rcc_ex.o
 .debug_info    0x000000000000cfa4     0x1250 ./src/lib/cube_g474/Drivers/STM32G4xx_HAL_Driver/Src/stm32g4xx_hal_rtc.o
 .debug_info    0x000000000000e1f4     0x1539 ./src/lib/cube_g474/Drivers/STM32G4xx_HAL_Driver/Src/stm32g4xx_hal_rtc_ex.o
 .debug_info    0x000000000000f72d     0x611a ./src/lib/cube_g474/Drivers/STM32G4xx_HAL_Driver/Src/stm32g4xx_hal_uart.o
 .debug_info    0x0000000000015847     0x12c5 ./src/lib/cube_g474/Drivers/STM32G4xx_HAL_Driver/Src/stm32g4xx_hal_uart_ex.o
 .debug_info    0x0000000000016b0c     0x182a ./src/lib/cube_g474/Drivers/STM32G4xx_HAL_Driver/Src/stm32g4xx_ll_usb.o
 .debug_info    0x0000000000018336      0xe77 ./src/lib/cube_g474/Middlewares/ST/STM32_USB_Device_Library/Core/Src/usbd_core.o
 .debug_info    0x00000000000191ad      0xf5f ./src/lib/cube_g474/Middlewares/ST/STM32_USB_Device_Library/Core/Src/usbd_ctlreq.o
 .debug_info    0x000000000001a10c      0x87b ./src/lib/cube_g474/Middlewares/ST/STM32_USB_Device_Library/Core/Src/usbd_ioreq.o
 .debug_info    0x000000000001a987     0x21b4 ./src/lib/cube_g474/USB_Device/Target/usbd_conf.o
 .debug_info    0x000000000001cb3b       0xd0 ./src/main.o

.debug_abbrev   0x0000000000000000     0x4a70
 .debug_abbrev  0x0000000000000000      0x190 ./src/ap/ap.o
 .debug_abbrev  0x0000000000000190      0x228 ./src/bsp/bsp.o
 .debug_abbrev  0x00000000000003b8       0xe5 ./src/bsp/stm32g4xx_hal_msp.o
 .debug_abbrev  0x000000000000049d      0x1f9 ./src/bsp/stm32g4xx_it.o
 .debug_abbrev  0x0000000000000696      0x120 ./src/bsp/system_stm32g4xx.o
 .debug_abbrev  0x00000000000007b6       0x12 ./src/bsp/startup/startup_stm32g474retx.o
 .debug_abbrev  0x00000000000007c8      0x138 ./src/common/core/qbuffer.o
 .debug_abbrev  0x0000000000000900      0x24e ./src/hw/driver/flash.o
 .debug_abbrev  0x0000000000000b4e      0x278 ./src/hw/driver/led.o
 .debug_abbrev  0x0000000000000dc6      0x302 ./src/hw/driver/reset.o
 .debug_abbrev  0x00000000000010c8      0x1ed ./src/hw/driver/rtc.o
 .debug_abbrev  0x00000000000012b5      0x3a3 ./src/hw/driver/uart.o
 .debug_abbrev  0x0000000000001658       0xe9 ./src/hw/hw.o
 .debug_abbrev  0x0000000000001741      0x2cb ./src/lib/cube_g474/Drivers/STM32G4xx_HAL_Driver/Src/stm32g4xx_hal.o
 .debug_abbrev  0x0000000000001a0c      0x386 ./src/lib/cube_g474/Drivers/STM32G4xx_HAL_Driver/Src/stm32g4xx_hal_cortex.o
 .debug_abbrev  0x0000000000001d92      0x27f ./src/lib/cube_g474/Drivers/STM32G4xx_HAL_Driver/Src/stm32g4xx_hal_dma.o
 .debug_abbrev  0x0000000000002011      0x1f9 ./src/lib/cube_g474/Drivers/STM32G4xx_HAL_Driver/Src/stm32g4xx_hal_gpio.o
 .debug_abbrev  0x000000000000220a      0x3d5 ./src/lib/cube_g474/Drivers/STM32G4xx_HAL_Driver/Src/stm32g4xx_hal_pcd.o
 .debug_abbrev  0x00000000000025df      0x271 ./src/lib/cube_g474/Drivers/STM32G4xx_HAL_Driver/Src/stm32g4xx_hal_pwr_ex.o
 .debug_abbrev  0x0000000000002850      0x354 ./src/lib/cube_g474/Drivers/STM32G4xx_HAL_Driver/Src/stm32g4xx_hal_rcc.o
 .debug_abbrev  0x0000000000002ba4      0x2ce ./src/lib/cube_g474/Drivers/STM32G4xx_HAL_Driver/Src/stm32g4xx_hal_rcc_ex.o
 .debug_abbrev  0x0000000000002e72      0x240 ./src/lib/cube_g474/Drivers/STM32G4xx_HAL_Driver/Src/stm32g4xx_hal_rtc.o
 .debug_abbrev  0x00000000000030b2      0x2aa ./src/lib/cube_g474/Drivers/STM32G4xx_HAL_Driver/Src/stm32g4xx_hal_rtc_ex.o
 .debug_abbrev  0x000000000000335c      0x431 ./src/lib/cube_g474/Drivers/STM32G4xx_HAL_Driver/Src/stm32g4xx_hal_uart.o
 .debug_abbrev  0x000000000000378d      0x359 ./src/lib/cube_g474/Drivers/STM32G4xx_HAL_Driver/Src/stm32g4xx_hal_uart_ex.o
 .debug_abbrev  0x0000000000003ae6      0x2d8 ./src/lib/cube_g474/Drivers/STM32G4xx_HAL_Driver/Src/stm32g4xx_ll_usb.o
 .debug_abbrev  0x0000000000003dbe      0x30f ./src/lib/cube_g474/Middlewares/ST/STM32_USB_Device_Library/Core/Src/usbd_core.o
 .debug_abbrev  0x00000000000040cd      0x3d6 ./src/lib/cube_g474/Middlewares/ST/STM32_USB_Device_Library/Core/Src/usbd_ctlreq.o
 .debug_abbrev  0x00000000000044a3      0x1cd ./src/lib/cube_g474/Middlewares/ST/STM32_USB_Device_Library/Core/Src/usbd_ioreq.o
 .debug_abbrev  0x0000000000004670      0x386 ./src/lib/cube_g474/USB_Device/Target/usbd_conf.o
 .debug_abbrev  0x00000000000049f6       0x7a ./src/main.o

.debug_loclists
                0x0000000000000000     0xa342
 .debug_loclists
                0x0000000000000000       0x27 ./src/ap/ap.o
 .debug_loclists
                0x0000000000000027       0x23 ./src/bsp/bsp.o
 .debug_loclists
                0x000000000000004a       0x7e ./src/bsp/system_stm32g4xx.o
 .debug_loclists
                0x00000000000000c8      0x206 ./src/common/core/qbuffer.o
 .debug_loclists
                0x00000000000002ce      0x232 ./src/hw/driver/flash.o
 .debug_loclists
                0x0000000000000500       0xcf ./src/hw/driver/led.o
 .debug_loclists
                0x00000000000005cf       0x9d ./src/hw/driver/reset.o
 .debug_loclists
                0x000000000000066c       0x84 ./src/hw/driver/rtc.o
 .debug_loclists
                0x00000000000006f0      0x2a5 ./src/hw/driver/uart.o
 .debug_loclists
                0x0000000000000995       0x56 ./src/hw/hw.o
 .debug_loclists
                0x00000000000009eb      0x187 ./src/lib/cube_g474/Drivers/STM32G4xx_HAL_Driver/Src/stm32g4xx_hal.o
 .debug_loclists
                0x0000000000000b72      0x35d ./src/lib/cube_g474/Drivers/STM32G4xx_HAL_Driver/Src/stm32g4xx_hal_cortex.o
 .debug_loclists
                0x0000000000000ecf      0x543 ./src/lib/cube_g474/Drivers/STM32G4xx_HAL_Driver/Src/stm32g4xx_hal_dma.o
 .debug_loclists
                0x0000000000001412      0x218 ./src/lib/cube_g474/Drivers/STM32G4xx_HAL_Driver/Src/stm32g4xx_hal_gpio.o
 .debug_loclists
                0x000000000000162a      0xc95 ./src/lib/cube_g474/Drivers/STM32G4xx_HAL_Driver/Src/stm32g4xx_hal_pcd.o
 .debug_loclists
                0x00000000000022bf      0x375 ./src/lib/cube_g474/Drivers/STM32G4xx_HAL_Driver/Src/stm32g4xx_hal_pwr_ex.o
 .debug_loclists
                0x0000000000002634      0x597 ./src/lib/cube_g474/Drivers/STM32G4xx_HAL_Driver/Src/stm32g4xx_hal_rcc.o
 .debug_loclists
                0x0000000000002bcb      0x692 ./src/lib/cube_g474/Drivers/STM32G4xx_HAL_Driver/Src/stm32g4xx_hal_rcc_ex.o
 .debug_loclists
                0x000000000000325d      0x6a6 ./src/lib/cube_g474/Drivers/STM32G4xx_HAL_Driver/Src/stm32g4xx_hal_rtc.o
 .debug_loclists
                0x0000000000003903      0x762 ./src/lib/cube_g474/Drivers/STM32G4xx_HAL_Driver/Src/stm32g4xx_hal_rtc_ex.o
 .debug_loclists
                0x0000000000004065     0x35f1 ./src/lib/cube_g474/Drivers/STM32G4xx_HAL_Driver/Src/stm32g4xx_hal_uart.o
 .debug_loclists
                0x0000000000007656      0x72c ./src/lib/cube_g474/Drivers/STM32G4xx_HAL_Driver/Src/stm32g4xx_hal_uart_ex.o
 .debug_loclists
                0x0000000000007d82      0xfcf ./src/lib/cube_g474/Drivers/STM32G4xx_HAL_Driver/Src/stm32g4xx_ll_usb.o
 .debug_loclists
                0x0000000000008d51      0x55f ./src/lib/cube_g474/Middlewares/ST/STM32_USB_Device_Library/Core/Src/usbd_core.o
 .debug_loclists
                0x00000000000092b0      0x88f ./src/lib/cube_g474/Middlewares/ST/STM32_USB_Device_Library/Core/Src/usbd_ctlreq.o
 .debug_loclists
                0x0000000000009b3f      0x1b4 ./src/lib/cube_g474/Middlewares/ST/STM32_USB_Device_Library/Core/Src/usbd_ioreq.o
 .debug_loclists
                0x0000000000009cf3      0x64f ./src/lib/cube_g474/USB_Device/Target/usbd_conf.o

.debug_aranges  0x0000000000000000     0x1108
 .debug_aranges
                0x0000000000000000       0x28 ./src/ap/ap.o
 .debug_aranges
                0x0000000000000028       0x40 ./src/bsp/bsp.o
 .debug_aranges
                0x0000000000000068       0x20 ./src/bsp/stm32g4xx_hal_msp.o
 .debug_aranges
                0x0000000000000088       0x60 ./src/bsp/stm32g4xx_it.o
 .debug_aranges
                0x00000000000000e8       0x28 ./src/bsp/system_stm32g4xx.o
 .debug_aranges
                0x0000000000000110       0x28 ./src/bsp/startup/startup_stm32g474retx.o
 .debug_aranges
                0x0000000000000138       0x60 ./src/common/core/qbuffer.o
 .debug_aranges
                0x0000000000000198       0x38 ./src/hw/driver/flash.o
 .debug_aranges
                0x00000000000001d0       0x50 ./src/hw/driver/led.o
 .debug_aranges
                0x0000000000000220       0x48 ./src/hw/driver/reset.o
 .debug_aranges
                0x0000000000000268       0x40 ./src/hw/driver/rtc.o
 .debug_aranges
                0x00000000000002a8       0x80 ./src/hw/driver/uart.o
 .debug_aranges
                0x0000000000000328       0x20 ./src/hw/hw.o
 .debug_aranges
                0x0000000000000348      0x140 ./src/lib/cube_g474/Drivers/STM32G4xx_HAL_Driver/Src/stm32g4xx_hal.o
 .debug_aranges
                0x0000000000000488       0xa8 ./src/lib/cube_g474/Drivers/STM32G4xx_HAL_Driver/Src/stm32g4xx_hal_cortex.o
 .debug_aranges
                0x0000000000000530       0x88 ./src/lib/cube_g474/Drivers/STM32G4xx_HAL_Driver/Src/stm32g4xx_hal_dma.o
 .debug_aranges
                0x00000000000005b8       0x58 ./src/lib/cube_g474/Drivers/STM32G4xx_HAL_Driver/Src/stm32g4xx_hal_gpio.o
 .debug_aranges
                0x0000000000000610       0xc8 ./src/lib/cube_g474/Drivers/STM32G4xx_HAL_Driver/Src/stm32g4xx_hal_pcd.o
 .debug_aranges
                0x00000000000006d8      0x128 ./src/lib/cube_g474/Drivers/STM32G4xx_HAL_Driver/Src/stm32g4xx_hal_pwr_ex.o
 .debug_aranges
                0x0000000000000800       0x90 ./src/lib/cube_g474/Drivers/STM32G4xx_HAL_Driver/Src/stm32g4xx_hal_rcc.o
 .debug_aranges
                0x0000000000000890       0x98 ./src/lib/cube_g474/Drivers/STM32G4xx_HAL_Driver/Src/stm32g4xx_hal_rcc_ex.o
 .debug_aranges
                0x0000000000000928       0xd8 ./src/lib/cube_g474/Drivers/STM32G4xx_HAL_Driver/Src/stm32g4xx_hal_rtc.o
 .debug_aranges
                0x0000000000000a00      0x128 ./src/lib/cube_g474/Drivers/STM32G4xx_HAL_Driver/Src/stm32g4xx_hal_rtc_ex.o
 .debug_aranges
                0x0000000000000b28      0x200 ./src/lib/cube_g474/Drivers/STM32G4xx_HAL_Driver/Src/stm32g4xx_hal_uart.o
 .debug_aranges
                0x0000000000000d28       0x90 ./src/lib/cube_g474/Drivers/STM32G4xx_HAL_Driver/Src/stm32g4xx_hal_uart_ex.o
 .debug_aranges
                0x0000000000000db8       0xc8 ./src/lib/cube_g474/Drivers/STM32G4xx_HAL_Driver/Src/stm32g4xx_ll_usb.o
 .debug_aranges
                0x0000000000000e80       0xb0 ./src/lib/cube_g474/Middlewares/ST/STM32_USB_Device_Library/Core/Src/usbd_core.o
 .debug_aranges
                0x0000000000000f30       0x50 ./src/lib/cube_g474/Middlewares/ST/STM32_USB_Device_Library/Core/Src/usbd_ctlreq.o
 .debug_aranges
                0x0000000000000f80       0x50 ./src/lib/cube_g474/Middlewares/ST/STM32_USB_Device_Library/Core/Src/usbd_ioreq.o
 .debug_aranges
                0x0000000000000fd0      0x118 ./src/lib/cube_g474/USB_Device/Target/usbd_conf.o
 .debug_aranges
                0x00000000000010e8       0x20 ./src/main.o

.debug_rnglists
                0x0000000000000000     0x1227
 .debug_rnglists
                0x0000000000000000       0x28 ./src/ap/ap.o
 .debug_rnglists
                0x0000000000000028       0x46 ./src/bsp/bsp.o
 .debug_rnglists
                0x000000000000006e       0x1f ./src/bsp/stm32g4xx_hal_msp.o
 .debug_rnglists
                0x000000000000008d       0x43 ./src/bsp/stm32g4xx_it.o
 .debug_rnglists
                0x00000000000000d0       0x19 ./src/bsp/system_stm32g4xx.o
 .debug_rnglists
                0x00000000000000e9       0x19 ./src/bsp/startup/startup_stm32g474retx.o
 .debug_rnglists
                0x0000000000000102       0x97 ./src/common/core/qbuffer.o
 .debug_rnglists
                0x0000000000000199       0x6d ./src/hw/driver/flash.o
 .debug_rnglists
                0x0000000000000206       0x52 ./src/hw/driver/led.o
 .debug_rnglists
                0x0000000000000258       0x3d ./src/hw/driver/reset.o
 .debug_rnglists
                0x0000000000000295       0x2b ./src/hw/driver/rtc.o
 .debug_rnglists
                0x00000000000002c0       0x75 ./src/hw/driver/uart.o
 .debug_rnglists
                0x0000000000000335       0x1f ./src/hw/hw.o
 .debug_rnglists
                0x0000000000000354       0xeb ./src/lib/cube_g474/Drivers/STM32G4xx_HAL_Driver/Src/stm32g4xx_hal.o
 .debug_rnglists
                0x000000000000043f       0xd0 ./src/lib/cube_g474/Drivers/STM32G4xx_HAL_Driver/Src/stm32g4xx_hal_cortex.o
 .debug_rnglists
                0x000000000000050f       0x72 ./src/lib/cube_g474/Drivers/STM32G4xx_HAL_Driver/Src/stm32g4xx_hal_dma.o
 .debug_rnglists
                0x0000000000000581       0x52 ./src/lib/cube_g474/Drivers/STM32G4xx_HAL_Driver/Src/stm32g4xx_hal_gpio.o
 .debug_rnglists
                0x00000000000005d3      0x183 ./src/lib/cube_g474/Drivers/STM32G4xx_HAL_Driver/Src/stm32g4xx_hal_pcd.o
 .debug_rnglists
                0x0000000000000756       0xdd ./src/lib/cube_g474/Drivers/STM32G4xx_HAL_Driver/Src/stm32g4xx_hal_pwr_ex.o
 .debug_rnglists
                0x0000000000000833       0x77 ./src/lib/cube_g474/Drivers/STM32G4xx_HAL_Driver/Src/stm32g4xx_hal_rcc.o
 .debug_rnglists
                0x00000000000008aa       0x92 ./src/lib/cube_g474/Drivers/STM32G4xx_HAL_Driver/Src/stm32g4xx_hal_rcc_ex.o
 .debug_rnglists
                0x000000000000093c       0xa4 ./src/lib/cube_g474/Drivers/STM32G4xx_HAL_Driver/Src/stm32g4xx_hal_rtc.o
 .debug_rnglists
                0x00000000000009e0       0xdf ./src/lib/cube_g474/Drivers/STM32G4xx_HAL_Driver/Src/stm32g4xx_hal_rtc_ex.o
 .debug_rnglists
                0x0000000000000abf      0x210 ./src/lib/cube_g474/Drivers/STM32G4xx_HAL_Driver/Src/stm32g4xx_hal_uart.o
 .debug_rnglists
                0x0000000000000ccf       0x69 ./src/lib/cube_g474/Drivers/STM32G4xx_HAL_Driver/Src/stm32g4xx_hal_uart_ex.o
 .debug_rnglists
                0x0000000000000d38      0x2ac ./src/lib/cube_g474/Drivers/STM32G4xx_HAL_Driver/Src/stm32g4xx_ll_usb.o
 .debug_rnglists
                0x0000000000000fe4       0x80 ./src/lib/cube_g474/Middlewares/ST/STM32_USB_Device_Library/Core/Src/usbd_core.o
 .debug_rnglists
                0x0000000000001064       0x9d ./src/lib/cube_g474/Middlewares/ST/STM32_USB_Device_Library/Core/Src/usbd_ctlreq.o
 .debug_rnglists
                0x0000000000001101       0x37 ./src/lib/cube_g474/Middlewares/ST/STM32_USB_Device_Library/Core/Src/usbd_ioreq.o
 .debug_rnglists
                0x0000000000001138       0xdc ./src/lib/cube_g474/USB_Device/Target/usbd_conf.o
 .debug_rnglists
                0x0000000000001214       0x13 ./src/main.o

.debug_macro    0x0000000000000000    0x295f2
 .debug_macro   0x0000000000000000      0x3be ./src/ap/ap.o
 .debug_macro   0x00000000000003be      0xaa2 ./src/ap/ap.o
 .debug_macro   0x0000000000000e60       0x22 ./src/ap/ap.o
 .debug_macro   0x0000000000000e82       0x5b ./src/ap/ap.o
 .debug_macro   0x0000000000000edd       0x2a ./src/ap/ap.o
 .debug_macro   0x0000000000000f07       0x94 ./src/ap/ap.o
 .debug_macro   0x0000000000000f9b       0x43 ./src/ap/ap.o
 .debug_macro   0x0000000000000fde       0x34 ./src/ap/ap.o
 .debug_macro   0x0000000000001012       0x16 ./src/ap/ap.o
 .debug_macro   0x0000000000001028       0x57 ./src/ap/ap.o
 .debug_macro   0x000000000000107f       0x97 ./src/ap/ap.o
 .debug_macro   0x0000000000001116      0x369 ./src/ap/ap.o
 .debug_macro   0x000000000000147f       0xfd ./src/ap/ap.o
 .debug_macro   0x000000000000157c       0x10 ./src/ap/ap.o
 .debug_macro   0x000000000000158c       0x16 ./src/ap/ap.o
 .debug_macro   0x00000000000015a2       0x43 ./src/ap/ap.o
 .debug_macro   0x00000000000015e5       0x34 ./src/ap/ap.o
 .debug_macro   0x0000000000001619       0x10 ./src/ap/ap.o
 .debug_macro   0x0000000000001629       0x58 ./src/ap/ap.o
 .debug_macro   0x0000000000001681       0x8e ./src/ap/ap.o
 .debug_macro   0x000000000000170f       0x1c ./src/ap/ap.o
 .debug_macro   0x000000000000172b      0x177 ./src/ap/ap.o
 .debug_macro   0x00000000000018a2       0x16 ./src/ap/ap.o
 .debug_macro   0x00000000000018b8       0x16 ./src/ap/ap.o
 .debug_macro   0x00000000000018ce      0x147 ./src/ap/ap.o
 .debug_macro   0x0000000000001a15      0x103 ./src/ap/ap.o
 .debug_macro   0x0000000000001b18       0x6a ./src/ap/ap.o
 .debug_macro   0x0000000000001b82      0x1df ./src/ap/ap.o
 .debug_macro   0x0000000000001d61       0x22 ./src/ap/ap.o
 .debug_macro   0x0000000000001d83       0x4c ./src/ap/ap.o
 .debug_macro   0x0000000000001dcf       0x16 ./src/ap/ap.o
 .debug_macro   0x0000000000001de5       0x35 ./src/ap/ap.o
 .debug_macro   0x0000000000001e1a       0x20 ./src/ap/ap.o
 .debug_macro   0x0000000000001e3a       0x16 ./src/ap/ap.o
 .debug_macro   0x0000000000001e50       0x16 ./src/ap/ap.o
 .debug_macro   0x0000000000001e66       0x29 ./src/ap/ap.o
 .debug_macro   0x0000000000001e8f       0x52 ./src/ap/ap.o
 .debug_macro   0x0000000000001ee1      0x161 ./src/ap/ap.o
 .debug_macro   0x0000000000002042       0x2e ./src/ap/ap.o
 .debug_macro   0x0000000000002070       0x28 ./src/ap/ap.o
 .debug_macro   0x0000000000002098       0x1c ./src/ap/ap.o
 .debug_macro   0x00000000000020b4       0x22 ./src/ap/ap.o
 .debug_macro   0x00000000000020d6       0xfb ./src/ap/ap.o
 .debug_macro   0x00000000000021d1     0x1011 ./src/ap/ap.o
 .debug_macro   0x00000000000031e2      0x11f ./src/ap/ap.o
 .debug_macro   0x0000000000003301    0x18b45 ./src/ap/ap.o
 .debug_macro   0x000000000001be46       0x6d ./src/ap/ap.o
 .debug_macro   0x000000000001beb3     0x354d ./src/ap/ap.o
 .debug_macro   0x000000000001f400       0x56 ./src/ap/ap.o
 .debug_macro   0x000000000001f456     0x171f ./src/ap/ap.o
 .debug_macro   0x0000000000020b75      0x600 ./src/ap/ap.o
 .debug_macro   0x0000000000021175      0x1b6 ./src/ap/ap.o
 .debug_macro   0x000000000002132b      0x34a ./src/ap/ap.o
 .debug_macro   0x0000000000021675      0x53c ./src/ap/ap.o
 .debug_macro   0x0000000000021bb1      0x18b ./src/ap/ap.o
 .debug_macro   0x0000000000021d3c       0x43 ./src/ap/ap.o
 .debug_macro   0x0000000000021d7f      0x23d ./src/ap/ap.o
 .debug_macro   0x0000000000021fbc      0x211 ./src/ap/ap.o
 .debug_macro   0x00000000000221cd      0x45c ./src/ap/ap.o
 .debug_macro   0x0000000000022629      0x11c ./src/ap/ap.o
 .debug_macro   0x0000000000022745       0x73 ./src/ap/ap.o
 .debug_macro   0x00000000000227b8      0x22d ./src/ap/ap.o
 .debug_macro   0x00000000000229e5      0x122 ./src/ap/ap.o
 .debug_macro   0x0000000000022b07      0x3d1 ./src/ap/ap.o
 .debug_macro   0x0000000000022ed8      0x367 ./src/ap/ap.o
 .debug_macro   0x000000000002323f      0x5b3 ./src/ap/ap.o
 .debug_macro   0x00000000000237f2       0xeb ./src/ap/ap.o
 .debug_macro   0x00000000000238dd      0x693 ./src/ap/ap.o
 .debug_macro   0x0000000000023f70       0xa6 ./src/ap/ap.o
 .debug_macro   0x0000000000024016      0x358 ./src/ap/ap.o
 .debug_macro   0x000000000002436e       0x2e ./src/ap/ap.o
 .debug_macro   0x000000000002439c       0x10 ./src/ap/ap.o
 .debug_macro   0x00000000000243ac       0x28 ./src/ap/ap.o
 .debug_macro   0x00000000000243d4      0x353 ./src/bsp/bsp.o
 .debug_macro   0x0000000000024727      0x3c8 ./src/bsp/stm32g4xx_hal_msp.o
 .debug_macro   0x0000000000024aef      0x3d2 ./src/bsp/stm32g4xx_it.o
 .debug_macro   0x0000000000024ec1       0xd9 ./src/bsp/system_stm32g4xx.o
 .debug_macro   0x0000000000024f9a       0x8e ./src/bsp/system_stm32g4xx.o
 .debug_macro   0x0000000000025028       0x51 ./src/bsp/system_stm32g4xx.o
 .debug_macro   0x0000000000025079      0x1c9 ./src/common/core/qbuffer.o
 .debug_macro   0x0000000000025242      0x384 ./src/hw/driver/flash.o
 .debug_macro   0x00000000000255c6      0x372 ./src/hw/driver/led.o
 .debug_macro   0x0000000000025938      0x384 ./src/hw/driver/reset.o
 .debug_macro   0x0000000000025cbc       0x10 ./src/hw/driver/reset.o
 .debug_macro   0x0000000000025ccc      0x36c ./src/hw/driver/rtc.o
 .debug_macro   0x0000000000026038      0x385 ./src/hw/driver/uart.o
 .debug_macro   0x00000000000263bd       0x22 ./src/hw/driver/uart.o
 .debug_macro   0x00000000000263df      0x3b4 ./src/hw/hw.o
 .debug_macro   0x0000000000026793      0x240 ./src/lib/cube_g474/Drivers/STM32G4xx_HAL_Driver/Src/stm32g4xx_hal.o
 .debug_macro   0x00000000000269d3       0x5c ./src/lib/cube_g474/Drivers/STM32G4xx_HAL_Driver/Src/stm32g4xx_hal.o
 .debug_macro   0x0000000000026a2f      0x1f2 ./src/lib/cube_g474/Drivers/STM32G4xx_HAL_Driver/Src/stm32g4xx_hal_cortex.o
 .debug_macro   0x0000000000026c21      0x1f2 ./src/lib/cube_g474/Drivers/STM32G4xx_HAL_Driver/Src/stm32g4xx_hal_dma.o
 .debug_macro   0x0000000000026e13      0x1f9 ./src/lib/cube_g474/Drivers/STM32G4xx_HAL_Driver/Src/stm32g4xx_hal_gpio.o
 .debug_macro   0x000000000002700c      0x1fe ./src/lib/cube_g474/Drivers/STM32G4xx_HAL_Driver/Src/stm32g4xx_hal_pcd.o
 .debug_macro   0x000000000002720a      0x21c ./src/lib/cube_g474/Drivers/STM32G4xx_HAL_Driver/Src/stm32g4xx_hal_pwr_ex.o
 .debug_macro   0x0000000000027426      0x234 ./src/lib/cube_g474/Drivers/STM32G4xx_HAL_Driver/Src/stm32g4xx_hal_rcc.o
 .debug_macro   0x000000000002765a      0x21c ./src/lib/cube_g474/Drivers/STM32G4xx_HAL_Driver/Src/stm32g4xx_hal_rcc_ex.o
 .debug_macro   0x0000000000027876      0x1f3 ./src/lib/cube_g474/Drivers/STM32G4xx_HAL_Driver/Src/stm32g4xx_hal_rtc.o
 .debug_macro   0x0000000000027a69      0x1f2 ./src/lib/cube_g474/Drivers/STM32G4xx_HAL_Driver/Src/stm32g4xx_hal_rtc_ex.o
 .debug_macro   0x0000000000027c5b      0x21d ./src/lib/cube_g474/Drivers/STM32G4xx_HAL_Driver/Src/stm32g4xx_hal_uart.o
 .debug_macro   0x0000000000027e78      0x1fe ./src/lib/cube_g474/Drivers/STM32G4xx_HAL_Driver/Src/stm32g4xx_hal_uart_ex.o
 .debug_macro   0x0000000000028076      0x1f2 ./src/lib/cube_g474/Drivers/STM32G4xx_HAL_Driver/Src/stm32g4xx_ll_usb.o
 .debug_macro   0x0000000000028268      0x368 ./src/lib/cube_g474/Middlewares/ST/STM32_USB_Device_Library/Core/Src/usbd_core.o
 .debug_macro   0x00000000000285d0      0x1ef ./src/lib/cube_g474/Middlewares/ST/STM32_USB_Device_Library/Core/Src/usbd_core.o
 .debug_macro   0x00000000000287bf      0x372 ./src/lib/cube_g474/Middlewares/ST/STM32_USB_Device_Library/Core/Src/usbd_ctlreq.o
 .debug_macro   0x0000000000028b31      0x36e ./src/lib/cube_g474/Middlewares/ST/STM32_USB_Device_Library/Core/Src/usbd_ioreq.o
 .debug_macro   0x0000000000028e9f      0x38b ./src/lib/cube_g474/USB_Device/Target/usbd_conf.o
 .debug_macro   0x000000000002922a      0x3c8 ./src/main.o

.debug_line     0x0000000000000000    0x22518
 .debug_line    0x0000000000000000      0xb66 ./src/ap/ap.o
 .debug_line    0x0000000000000b66      0xb83 ./src/bsp/bsp.o
 .debug_line    0x00000000000016e9      0xb8e ./src/bsp/stm32g4xx_hal_msp.o
 .debug_line    0x0000000000002277      0xc78 ./src/bsp/stm32g4xx_it.o
 .debug_line    0x0000000000002eef      0x5fb ./src/bsp/system_stm32g4xx.o
 .debug_line    0x00000000000034ea       0x7b ./src/bsp/startup/startup_stm32g474retx.o
 .debug_line    0x0000000000003565      0x8a8 ./src/common/core/qbuffer.o
 .debug_line    0x0000000000003e0d      0xc88 ./src/hw/driver/flash.o
 .debug_line    0x0000000000004a95      0xbde ./src/hw/driver/led.o
 .debug_line    0x0000000000005673      0xcf5 ./src/hw/driver/reset.o
 .debug_line    0x0000000000006368      0xbc1 ./src/hw/driver/rtc.o
 .debug_line    0x0000000000006f29      0xe44 ./src/hw/driver/uart.o
 .debug_line    0x0000000000007d6d      0xb6c ./src/hw/hw.o
 .debug_line    0x00000000000088d9      0xd78 ./src/lib/cube_g474/Drivers/STM32G4xx_HAL_Driver/Src/stm32g4xx_hal.o
 .debug_line    0x0000000000009651      0xe75 ./src/lib/cube_g474/Drivers/STM32G4xx_HAL_Driver/Src/stm32g4xx_hal_cortex.o
 .debug_line    0x000000000000a4c6     0x1272 ./src/lib/cube_g474/Drivers/STM32G4xx_HAL_Driver/Src/stm32g4xx_hal_dma.o
 .debug_line    0x000000000000b738      0xdd5 ./src/lib/cube_g474/Drivers/STM32G4xx_HAL_Driver/Src/stm32g4xx_hal_gpio.o
 .debug_line    0x000000000000c50d     0x18cb ./src/lib/cube_g474/Drivers/STM32G4xx_HAL_Driver/Src/stm32g4xx_hal_pcd.o
 .debug_line    0x000000000000ddd8      0xf1a ./src/lib/cube_g474/Drivers/STM32G4xx_HAL_Driver/Src/stm32g4xx_hal_pwr_ex.o
 .debug_line    0x000000000000ecf2     0x13fe ./src/lib/cube_g474/Drivers/STM32G4xx_HAL_Driver/Src/stm32g4xx_hal_rcc.o
 .debug_line    0x00000000000100f0     0x14c1 ./src/lib/cube_g474/Drivers/STM32G4xx_HAL_Driver/Src/stm32g4xx_hal_rcc_ex.o
 .debug_line    0x00000000000115b1     0x1514 ./src/lib/cube_g474/Drivers/STM32G4xx_HAL_Driver/Src/stm32g4xx_hal_rtc.o
 .debug_line    0x0000000000012ac5     0x1a82 ./src/lib/cube_g474/Drivers/STM32G4xx_HAL_Driver/Src/stm32g4xx_hal_rtc_ex.o
 .debug_line    0x0000000000014547     0x63c3 ./src/lib/cube_g474/Drivers/STM32G4xx_HAL_Driver/Src/stm32g4xx_hal_uart.o
 .debug_line    0x000000000001a90a     0x12e1 ./src/lib/cube_g474/Drivers/STM32G4xx_HAL_Driver/Src/stm32g4xx_hal_uart_ex.o
 .debug_line    0x000000000001bbeb     0x1cc9 ./src/lib/cube_g474/Drivers/STM32G4xx_HAL_Driver/Src/stm32g4xx_ll_usb.o
 .debug_line    0x000000000001d8b4     0x116b ./src/lib/cube_g474/Middlewares/ST/STM32_USB_Device_Library/Core/Src/usbd_core.o
 .debug_line    0x000000000001ea1f     0x1288 ./src/lib/cube_g474/Middlewares/ST/STM32_USB_Device_Library/Core/Src/usbd_ctlreq.o
 .debug_line    0x000000000001fca7      0xc6b ./src/lib/cube_g474/Middlewares/ST/STM32_USB_Device_Library/Core/Src/usbd_ioreq.o
 .debug_line    0x0000000000020912     0x10ba ./src/lib/cube_g474/USB_Device/Target/usbd_conf.o
 .debug_line    0x00000000000219cc      0xb4c ./src/main.o

.debug_str      0x0000000000000000    0xf53a8
 .debug_str     0x0000000000000000    0xee623 ./src/ap/ap.o
                                      0xee91b (size before relaxing)
 .debug_str     0x00000000000ee623      0x23c ./src/bsp/bsp.o
                                      0xee943 (size before relaxing)
 .debug_str     0x00000000000ee85f       0x59 ./src/bsp/stm32g4xx_hal_msp.o
                                      0xee8a8 (size before relaxing)
 .debug_str     0x00000000000ee8b8      0x8c4 ./src/bsp/stm32g4xx_it.o
                                      0xef0cb (size before relaxing)
 .debug_str     0x00000000000ef17c      0x102 ./src/bsp/system_stm32g4xx.o
                                      0x9e0c0 (size before relaxing)
 .debug_str     0x00000000000ef27e       0x37 ./src/bsp/startup/startup_stm32g474retx.o
                                         0x5c (size before relaxing)
 .debug_str     0x00000000000ef2b5       0xea ./src/common/core/qbuffer.o
                                       0x7bcd (size before relaxing)
 .debug_str     0x00000000000ef39f      0x19c ./src/hw/driver/flash.o
                                      0xee7c8 (size before relaxing)
 .debug_str     0x00000000000ef53b       0x9b ./src/hw/driver/led.o
                                      0xee88a (size before relaxing)
 .debug_str     0x00000000000ef5d6      0x1a4 ./src/hw/driver/reset.o
                                      0xee9f2 (size before relaxing)
 .debug_str     0x00000000000ef77a      0x3ac ./src/hw/driver/rtc.o
                                      0xeeb6c (size before relaxing)
 .debug_str     0x00000000000efb26      0x827 ./src/hw/driver/uart.o
                                      0xef88a (size before relaxing)
 .debug_str     0x00000000000f034d       0x16 ./src/hw/hw.o
                                      0xee774 (size before relaxing)
 .debug_str     0x00000000000f0363      0x5cc ./src/lib/cube_g474/Drivers/STM32G4xx_HAL_Driver/Src/stm32g4xx_hal.o
                                      0xeb97d (size before relaxing)