../src/hw/driver/uart.c:24:6:uartInit	0	static
../src/hw/driver/uart.c:34:6:uartOpen	16	static
../src/hw/driver/uart.c:90:6:uartClose	0	static
../src/hw/driver/uart.c:95:10:uartAvailable	0	static
../src/hw/driver/uart.c:126:9:uartRead	16	static
../src/hw/driver/uart.c:109:6:uartFlush	16	static
../src/hw/driver/uart.c:139:10:uartWrite	8	static
../src/hw/driver/uart.c:157:10:uartPrintf	276	static
../src/hw/driver/uart.c:175:10:uartGetBaud	0	static
../src/hw/driver/uart.c:190:6:HAL_UART_ErrorCallback	0	static
../src/hw/driver/uart.c:198:6:HAL_UART_RxCpltCallback	8	static
../src/hw/driver/uart.c:210:6:HAL_UART_MspInit	120	static
../src/hw/driver/uart.c:254:6:HAL_UART_MspDeInit	8	static
