../src/lib/cube_g474/Drivers/STM32G4xx_HAL_Driver/Src/stm32g4xx_hal_rtc_ex.c:166:19:HAL_RTCEx_SetTimeStamp	0	static
../src/lib/cube_g474/Drivers/STM32G4xx_HAL_Driver/Src/stm32g4xx_hal_rtc_ex.c:217:19:HAL_RTCEx_SetTimeStamp_IT	0	static
../src/lib/cube_g474/Drivers/STM32G4xx_HAL_Driver/Src/stm32g4xx_hal_rtc_ex.c:264:19:HAL_RTCEx_DeactivateTimeStamp	0	static
../src/lib/cube_g474/Drivers/STM32G4xx_HAL_Driver/Src/stm32g4xx_hal_rtc_ex.c:299:19:HAL_RTCEx_SetInternalTimeStamp	0	static
../src/lib/cube_g474/Drivers/STM32G4xx_HAL_Driver/Src/stm32g4xx_hal_rtc_ex.c:329:19:HAL_RTCEx_DeactivateInternalTimeStamp	0	static
../src/lib/cube_g474/Drivers/STM32G4xx_HAL_Driver/Src/stm32g4xx_hal_rtc_ex.c:364:19:HAL_RTCEx_GetTimeStamp	24	static
../src/lib/cube_g474/Drivers/STM32G4xx_HAL_Driver/Src/stm32g4xx_hal_rtc_ex.c:414:13:HAL_RTCEx_TimeStampEventCallback	0	static
../src/lib/cube_g474/Drivers/STM32G4xx_HAL_Driver/Src/stm32g4xx_hal_rtc_ex.c:429:6:HAL_RTCEx_TimeStampIRQHandler	16	static
../src/lib/cube_g474/Drivers/STM32G4xx_HAL_Driver/Src/stm32g4xx_hal_rtc_ex.c:470:19:HAL_RTCEx_PollForTimeStampEvent	16	static
../src/lib/cube_g474/Drivers/STM32G4xx_HAL_Driver/Src/stm32g4xx_hal_rtc_ex.c:532:19:HAL_RTCEx_SetWakeUpTimer	24	static
../src/lib/cube_g474/Drivers/STM32G4xx_HAL_Driver/Src/stm32g4xx_hal_rtc_ex.c:603:19:HAL_RTCEx_SetWakeUpTimer_IT	24	static
../src/lib/cube_g474/Drivers/STM32G4xx_HAL_Driver/Src/stm32g4xx_hal_rtc_ex.c:678:19:HAL_RTCEx_DeactivateWakeUpTimer	16	static
../src/lib/cube_g474/Drivers/STM32G4xx_HAL_Driver/Src/stm32g4xx_hal_rtc_ex.c:730:10:HAL_RTCEx_GetWakeUpTimer	0	static
../src/lib/cube_g474/Drivers/STM32G4xx_HAL_Driver/Src/stm32g4xx_hal_rtc_ex.c:768:13:HAL_RTCEx_WakeUpTimerEventCallback	0	static
../src/lib/cube_g474/Drivers/STM32G4xx_HAL_Driver/Src/stm32g4xx_hal_rtc_ex.c:741:6:HAL_RTCEx_WakeUpTimerIRQHandler	8	static
../src/lib/cube_g474/Drivers/STM32G4xx_HAL_Driver/Src/stm32g4xx_hal_rtc_ex.c:785:19:HAL_RTCEx_PollForWakeUpTimerEvent	16	static
../src/lib/cube_g474/Drivers/STM32G4xx_HAL_Driver/Src/stm32g4xx_hal_rtc_ex.c:866:19:HAL_RTCEx_SetSmoothCalib	24	static
../src/lib/cube_g474/Drivers/STM32G4xx_HAL_Driver/Src/stm32g4xx_hal_rtc_ex.c:937:19:HAL_RTCEx_SetSynchroShift	24	static
../src/lib/cube_g474/Drivers/STM32G4xx_HAL_Driver/Src/stm32g4xx_hal_rtc_ex.c:1030:19:HAL_RTCEx_SetCalibrationOutPut	0	static
../src/lib/cube_g474/Drivers/STM32G4xx_HAL_Driver/Src/stm32g4xx_hal_rtc_ex.c:1066:19:HAL_RTCEx_DeactivateCalibrationOutPut	0	static
../src/lib/cube_g474/Drivers/STM32G4xx_HAL_Driver/Src/stm32g4xx_hal_rtc_ex.c:1096:19:HAL_RTCEx_SetRefClock	8	static
../src/lib/cube_g474/Drivers/STM32G4xx_HAL_Driver/Src/stm32g4xx_hal_rtc_ex.c:1138:19:HAL_RTCEx_DeactivateRefClock	8	static
../src/lib/cube_g474/Drivers/STM32G4xx_HAL_Driver/Src/stm32g4xx_hal_rtc_ex.c:1182:19:HAL_RTCEx_EnableBypassShadow	0	static
../src/lib/cube_g474/Drivers/STM32G4xx_HAL_Driver/Src/stm32g4xx_hal_rtc_ex.c:1214:19:HAL_RTCEx_DisableBypassShadow	0	static
../src/lib/cube_g474/Drivers/STM32G4xx_HAL_Driver/Src/stm32g4xx_hal_rtc_ex.c:1263:13:HAL_RTCEx_AlarmBEventCallback	0	static
../src/lib/cube_g474/Drivers/STM32G4xx_HAL_Driver/Src/stm32g4xx_hal_rtc_ex.c:1279:19:HAL_RTCEx_PollForAlarmBEvent	16	static
../src/lib/cube_g474/Drivers/STM32G4xx_HAL_Driver/Src/stm32g4xx_hal_rtc_ex.c:1346:19:HAL_RTCEx_SetTamper	20	static
../src/lib/cube_g474/Drivers/STM32G4xx_HAL_Driver/Src/stm32g4xx_hal_rtc_ex.c:1409:19:HAL_RTCEx_SetTamper_IT	20	static
../src/lib/cube_g474/Drivers/STM32G4xx_HAL_Driver/Src/stm32g4xx_hal_rtc_ex.c:1479:19:HAL_RTCEx_DeactivateTamper	0	static
../src/lib/cube_g474/Drivers/STM32G4xx_HAL_Driver/Src/stm32g4xx_hal_rtc_ex.c:1512:19:HAL_RTCEx_PollForTamperEvent	24	static
../src/lib/cube_g474/Drivers/STM32G4xx_HAL_Driver/Src/stm32g4xx_hal_rtc_ex.c:1545:19:HAL_RTCEx_SetInternalTamper	0	static
../src/lib/cube_g474/Drivers/STM32G4xx_HAL_Driver/Src/stm32g4xx_hal_rtc_ex.c:1573:19:HAL_RTCEx_SetInternalTamper_IT	0	static
../src/lib/cube_g474/Drivers/STM32G4xx_HAL_Driver/Src/stm32g4xx_hal_rtc_ex.c:1607:19:HAL_RTCEx_DeactivateInternalTamper	0	static
../src/lib/cube_g474/Drivers/STM32G4xx_HAL_Driver/Src/stm32g4xx_hal_rtc_ex.c:1637:19:HAL_RTCEx_PollForInternalTamperEvent	0	static
../src/lib/cube_g474/Drivers/STM32G4xx_HAL_Driver/Src/stm32g4xx_hal_rtc_ex.c:1822:13:HAL_RTCEx_Tamper1EventCallback	0	static
../src/lib/cube_g474/Drivers/STM32G4xx_HAL_Driver/Src/stm32g4xx_hal_rtc_ex.c:1837:13:HAL_RTCEx_Tamper2EventCallback	0	static
../src/lib/cube_g474/Drivers/STM32G4xx_HAL_Driver/Src/stm32g4xx_hal_rtc_ex.c:1853:13:HAL_RTCEx_Tamper3EventCallback	0	static
../src/lib/cube_g474/Drivers/STM32G4xx_HAL_Driver/Src/stm32g4xx_hal_rtc_ex.c:1903:13:HAL_RTCEx_InternalTamper3EventCallback	0	static
../src/lib/cube_g474/Drivers/STM32G4xx_HAL_Driver/Src/stm32g4xx_hal_rtc_ex.c:1918:13:HAL_RTCEx_InternalTamper4EventCallback	0	static
../src/lib/cube_g474/Drivers/STM32G4xx_HAL_Driver/Src/stm32g4xx_hal_rtc_ex.c:1933:13:HAL_RTCEx_InternalTamper5EventCallback	0	static
../src/lib/cube_g474/Drivers/STM32G4xx_HAL_Driver/Src/stm32g4xx_hal_rtc_ex.c:1950:13:HAL_RTCEx_InternalTamper6EventCallback	0	static
../src/lib/cube_g474/Drivers/STM32G4xx_HAL_Driver/Src/stm32g4xx_hal_rtc_ex.c:1669:6:HAL_RTCEx_TamperIRQHandler	16	static
../src/lib/cube_g474/Drivers/STM32G4xx_HAL_Driver/Src/stm32g4xx_hal_rtc_ex.c:2012:6:HAL_RTCEx_BKUPWrite	0	static
../src/lib/cube_g474/Drivers/STM32G4xx_HAL_Driver/Src/stm32g4xx_hal_rtc_ex.c:2036:10:HAL_RTCEx_BKUPRead	0	static
