../src/lib/cube_g474/Drivers/STM32G4xx_HAL_Driver/Src/stm32g4xx_hal_rtc.c:813:13:HAL_RTC_MspInit	0	static
../src/lib/cube_g474/Drivers/STM32G4xx_HAL_Driver/Src/stm32g4xx_hal_rtc.c:828:13:HAL_RTC_MspDeInit	0	static
../src/lib/cube_g474/Drivers/STM32G4xx_HAL_Driver/Src/stm32g4xx_hal_rtc.c:1529:19:HAL_RTC_DeactivateAlarm	16	static
../src/lib/cube_g474/Drivers/STM32G4xx_HAL_Driver/Src/stm32g4xx_hal_rtc.c:1723:13:HAL_RTC_AlarmAEventCallback	0	static
../src/lib/cube_g474/Drivers/STM32G4xx_HAL_Driver/Src/stm32g4xx_hal_rtc.c:1681:6:HAL_RTC_AlarmIRQHandler	16	static
../src/lib/cube_g474/Drivers/STM32G4xx_HAL_Driver/Src/stm32g4xx_hal_rtc.c:1739:19:HAL_RTC_PollForAlarmAEvent	16	static
../src/lib/cube_g474/Drivers/STM32G4xx_HAL_Driver/Src/stm32g4xx_hal_rtc.c:1802:19:HAL_RTC_WaitForSynchro	16	static
../src/lib/cube_g474/Drivers/STM32G4xx_HAL_Driver/Src/stm32g4xx_hal_rtc.c:1846:21:HAL_RTC_GetState	0	static
../src/lib/cube_g474/Drivers/STM32G4xx_HAL_Driver/Src/stm32g4xx_hal_rtc.c:1869:19:RTC_EnterInitMode	24	static
../src/lib/cube_g474/Drivers/STM32G4xx_HAL_Driver/Src/stm32g4xx_hal_rtc.c:429:19:HAL_RTC_DeInit	16	static
../src/lib/cube_g474/Drivers/STM32G4xx_HAL_Driver/Src/stm32g4xx_hal_rtc.c:1901:19:RTC_ExitInitMode	8	static
../src/lib/cube_g474/Drivers/STM32G4xx_HAL_Driver/Src/stm32g4xx_hal_rtc.c:301:19:HAL_RTC_Init	16	static
../src/lib/cube_g474/Drivers/STM32G4xx_HAL_Driver/Src/stm32g4xx_hal_rtc.c:1940:9:RTC_ByteToBcd2	0	static
../src/lib/cube_g474/Drivers/STM32G4xx_HAL_Driver/Src/stm32g4xx_hal_rtc.c:866:19:HAL_RTC_SetTime	24	static
../src/lib/cube_g474/Drivers/STM32G4xx_HAL_Driver/Src/stm32g4xx_hal_rtc.c:1017:19:HAL_RTC_SetDate	24	static
../src/lib/cube_g474/Drivers/STM32G4xx_HAL_Driver/Src/stm32g4xx_hal_rtc.c:1155:19:HAL_RTC_SetAlarm	32	static
../src/lib/cube_g474/Drivers/STM32G4xx_HAL_Driver/Src/stm32g4xx_hal_rtc.c:1342:19:HAL_RTC_SetAlarm_IT	32	static
../src/lib/cube_g474/Drivers/STM32G4xx_HAL_Driver/Src/stm32g4xx_hal_rtc.c:1959:9:RTC_Bcd2ToByte	0	static
../src/lib/cube_g474/Drivers/STM32G4xx_HAL_Driver/Src/stm32g4xx_hal_rtc.c:973:19:HAL_RTC_GetTime	16	static
../src/lib/cube_g474/Drivers/STM32G4xx_HAL_Driver/Src/stm32g4xx_hal_rtc.c:1101:19:HAL_RTC_GetDate	16	static
../src/lib/cube_g474/Drivers/STM32G4xx_HAL_Driver/Src/stm32g4xx_hal_rtc.c:1621:19:HAL_RTC_GetAlarm	24	static
../src/lib/cube_g474/Drivers/STM32G4xx_HAL_Driver/Src/stm32g4xx_hal_rtc.c:1972:6:HAL_RTC_DST_Add1Hour	0	static
../src/lib/cube_g474/Drivers/STM32G4xx_HAL_Driver/Src/stm32g4xx_hal_rtc.c:1985:6:HAL_RTC_DST_Sub1Hour	0	static
../src/lib/cube_g474/Drivers/STM32G4xx_HAL_Driver/Src/stm32g4xx_hal_rtc.c:1998:6:HAL_RTC_DST_SetStoreOperation	0	static
../src/lib/cube_g474/Drivers/STM32G4xx_HAL_Driver/Src/stm32g4xx_hal_rtc.c:2010:6:HAL_RTC_DST_ClearStoreOperation	0	static
../src/lib/cube_g474/Drivers/STM32G4xx_HAL_Driver/Src/stm32g4xx_hal_rtc.c:2022:10:HAL_RTC_DST_ReadStoreOperation	0	static
